devuelto (el editor lo re-serializó al guardar): src/escenas/almacen.tscn
devuelto (el editor lo re-serializó al guardar): sucio.tres
devuelto (el editor lo re-serializó al guardar): assets/models/textura portón.png.import
devuelto (el editor lo re-serializó al guardar): assets/models/textura portón.png.import
Plantilla preparada: C:\Users\fede_\AppData\Local\Temp\tmpvi4ll0ea\build\templates\web_release.zip
Plantilla preparada: C:\Users\fede_\AppData\Local\Temp\tmp1cajjmb4\build\templates\web_release.zip
Plantilla preparada: C:\Users\fede_\AppData\Local\Temp\tmpgyoeftsm\build\templates\web_release.zip
Preparando plantilla; caché no reutilizable: [Errno 2] No such file or directory: 'C:\\Users\\fede_\\AppData\\Local\\Temp\\tmpchk0_o9w\\build\\templates\\web_release.manifiesto.json'
Plantilla preparada: C:\Users\fede_\AppData\Local\Temp\tmpchk0_o9w\build\templates\web_release.zip
Plantilla verificada: C:\Users\fede_\AppData\Local\Temp\tmpchk0_o9w\build\templates\web_release.zip
Ejecutando: git -c core.autocrlf=false apply --check C:\Users\fede_\AppData\Local\Temp\tmp0wt24ki5\motor.patch
Ejecutando: git -c core.autocrlf=false apply C:\Users\fede_\AppData\Local\Temp\tmp0wt24ki5\motor.patch
Motor de la exportación verificado: C:\Users\fede_\AppData\Local\Temp\tmp0peq12of\export\web
Plantilla preparada: C:\Users\fede_\AppData\Local\Temp\tmp2cvg7tmi\build\templates\web_release.zip
Plantilla verificada: C:\Users\fede_\AppData\Local\Temp\tmp2cvg7tmi\build\templates\web_release.zip
Plantilla verificada: C:\Users\fede_\AppData\Local\Temp\tmp2cvg7tmi\build\templates\web_release.zip
Plantilla verificada: C:\Users\fede_\AppData\Local\Temp\tmp2cvg7tmi\build\templates\web_release.zip
Plantilla preparada: C:\Users\fede_\AppData\Local\Temp\tmpojspvc_h\build\templates\web_release.zip
Plantilla preparada: C:\Users\fede_\AppData\Local\Temp\tmp7_egfw39\build\templates\web_release.zip
Plantilla preparada: C:\Users\fede_\AppData\Local\Temp\tmp10b9su8g\build\templates\web_release.zip
Plantilla preparada: C:\Users\fede_\AppData\Local\Temp\tmpi5r3631p\build\templates\web_release.zip
Ejecutando: git -c core.autocrlf=false apply --check C:\Users\fede_\AppData\Local\Temp\tmpov6nc9gq\motor.patch
Ejecutando: git -c core.autocrlf=false apply C:\Users\fede_\AppData\Local\Temp\tmpov6nc9gq\motor.patch
Plantilla preparada: C:\Users\fede_\AppData\Local\Temp\tmpi5af6f1_\build\templates\web_release.zip
Ejecutando: git -c core.autocrlf=false apply --check C:\Users\fede_\AppData\Local\Temp\tmp68mp2tm3\motor.patch
Ejecutando: git -c core.autocrlf=false apply C:\Users\fede_\AppData\Local\Temp\tmp68mp2tm3\motor.patch
...................................................................................................................................................................................................................................................................................................................................................................................................................................................s.............................................................................................................................................
----------------------------------------------------------------------
Ran 577 tests in 69.048s

OK (skipped=1)
