ERROR: The remote port number must be between 1 and 65535 (inclusive).
   at: connect_to_host (core/io/stream_peer_tcp.cpp:69)
ERROR: Remote Debugger: Unable to connect to host '127.0.0.1:0'.
   at: create_tcp (core/debugger/remote_debugger_peer.cpp:247)
Godot Engine v4.7.2.stable.official.ed1daf0bf - https://godotengine.org

[2J[H[38;2;233;150;122m
--------------------------------------------------------------------------------------------------
GdUnit4 Comandline Tool
--------------------------------------------------------------------------------------------------[0m
[38;2;0;191;255mDisabled fail fast![0m
[38;2;0;191;255mSet write reports to reports[0m
[38;2;218;165;32m
Headless mode is ignored by option '--ignoreHeadlessMode'"

Please note that tests that use UI interaction do not work correctly in headless mode.
Godot 'InputEvents' are not transported by the Godot engine in headless mode and therefore
have no effect in the test!
[0m
[38;2;100;149;237mInstalling GdUnit4 session system hooks.[0m
[38;2;100;149;237mSession hook 'GdUnitHtmlTestReporter' installed.[0m
[38;2;100;149;237mSession hook 'GdUnitXMLTestReporter' installed.[0m
[38;2;100;149;237mInstalling GdUnit4 session hooks.[0m
[38;2;100;149;237mSession hook 'Guardado de la sesión' installed.[0m
ERROR: Couldn't open directory at path "user://guardado_de_los_tests_146332".
   at: get_files_at (core/io/dir_access.cpp:578)
   GDScript backtrace (most recent call first):
       [0] _borrar_la_carpeta (res://test/guardado_de_la_sesion.gd:40)
       [1] startup (res://test/guardado_de_la_sesion.gd:22)
       [2] execute (res://addons/gdUnit4/src/core/hooks/GdUnitTestSessionHookService.gd:125)
       [3] execute_startup (res://addons/gdUnit4/src/core/hooks/GdUnitTestSessionHookService.gd:108)
       [4] _process (res://addons/gdUnit4/src/core/runners/GdUnitTestSessionRunner.gd:127)
[38;2;0;206;209mRun Test Suite: [0m[38;2;250;235;215mres://test/escenas/objetos/ondas_del_balde_test.gd[0m
  [38;2;250;235;215mres://test/escenas/objetos/ondas_del_balde_test.gd[0m[38;2;128;128;128m > [0m[38;2;250;235;215mtest_la_amplitud_sigue_el_campo_tras_avanzar_y_reiniciar[0m[38;2;34;139;34m STARTED[0m[38;2;128;128;128m[0m
  [38;2;250;235;215mres://test/escenas/objetos/ondas_del_balde_test.gd[0m[38;2;128;128;128m > [0m[38;2;250;235;215mtest_la_amplitud_sigue_el_campo_tras_avanzar_y_reiniciar[0m[38;2;34;139;34m PASSED[0m[38;2;100;149;237m 14ms[0m
[38;2;128;128;128m[0m
  [38;2;250;235;215mres://test/escenas/objetos/ondas_del_balde_test.gd[0m[38;2;128;128;128m > [0m[38;2;250;235;215mtest_cada_subpaso_cruza_los_dos_buffers_sin_crear_otro[0m[38;2;34;139;34m STARTED[0m[38;2;128;128;128m[0m
  [38;2;250;235;215mres://test/escenas/objetos/ondas_del_balde_test.gd[0m[38;2;128;128;128m > [0m[38;2;250;235;215mtest_cada_subpaso_cruza_los_dos_buffers_sin_crear_otro[0m[38;2;178;34;34m[1m FAILED[0m[38;2;100;149;237m 12ms[0m
  [38;2;0;206;209m[1m[4mReport:[0m
  [38;2;128;128;128m[38;2;255;69;0mExpecting:[0m '[38;2;30;144;255mtrue[0m' but is '[38;2;30;144;255mfalse[0m'[0m[38;2;173;216;230m	at 'test_cada_subpaso_cruza_los_dos_buffers_sin_crear_otro' in res://test/escenas/objetos/ondas_del_balde_test.gd:36[0m  [38;2;128;128;128m[38;2;255;69;0mExpecting:[0m '[38;2;30;144;255mtrue[0m' but is '[38;2;30;144;255mfalse[0m'[0m[38;2;173;216;230m	at 'test_cada_subpaso_cruza_los_dos_buffers_sin_crear_otro' in res://test/escenas/objetos/ondas_del_balde_test.gd:37[0m  [38;2;128;128;128m[38;2;255;69;0mExpecting:[0m '[38;2;30;144;255mtrue[0m' but is '[38;2;30;144;255mfalse[0m'[0m[38;2;173;216;230m	at 'test_cada_subpaso_cruza_los_dos_buffers_sin_crear_otro' in res://test/escenas/objetos/ondas_del_balde_test.gd:40[0m  [38;2;128;128;128m[38;2;255;69;0mExpecting:[0m '[38;2;30;144;255mtrue[0m' but is '[38;2;30;144;255mfalse[0m'[0m[38;2;173;216;230m	at 'test_cada_subpaso_cruza_los_dos_buffers_sin_crear_otro' in res://test/escenas/objetos/ondas_del_balde_test.gd:41[0m  [38;2;128;128;128m[38;2;255;69;0mExpecting:[0m '[38;2;30;144;255mtrue[0m' but is '[38;2;30;144;255mfalse[0m'[0m[38;2;173;216;230m	at 'test_cada_subpaso_cruza_los_dos_buffers_sin_crear_otro' in res://test/escenas/objetos/ondas_del_balde_test.gd:43[0m  [38;2;128;128;128m[38;2;255;69;0mExpecting:[0m '[38;2;30;144;255mtrue[0m' but is '[38;2;30;144;255mfalse[0m'[0m[38;2;173;216;230m	at 'test_cada_subpaso_cruza_los_dos_buffers_sin_crear_otro' in res://test/escenas/objetos/ondas_del_balde_test.gd:44[0m[38;2;128;128;128m[0m
[38;2;128;128;128m[0m
  [38;2;250;235;215mres://test/escenas/objetos/ondas_del_balde_test.gd[0m[38;2;128;128;128m > [0m[38;2;250;235;215mtest_los_dos_buffers_son_los_mismos_con_cualquier_delta_y_tras_reiniciar[0m[38;2;34;139;34m STARTED[0m[38;2;128;128;128m[0m
  [38;2;250;235;215mres://test/escenas/objetos/ondas_del_balde_test.gd[0m[38;2;128;128;128m > [0m[38;2;250;235;215mtest_los_dos_buffers_son_los_mismos_con_cualquier_delta_y_tras_reiniciar[0m[38;2;178;34;34m[1m FAILED[0m[38;2;100;149;237m 23ms[0m
  [38;2;0;206;209m[1m[4mReport:[0m
  [38;2;128;128;128mavanzar 0.0 s dejó un buffer nuevo[0m[38;2;173;216;230m	at 'test_los_dos_buffers_son_los_mismos_con_cualquier_delta_y_tras_reiniciar' in res://test/escenas/objetos/ondas_del_balde_test.gd:56[0m  [38;2;128;128;128mavanzar 0.00694444444444 s dejó un buffer nuevo[0m[38;2;173;216;230m	at 'test_los_dos_buffers_son_los_mismos_con_cualquier_delta_y_tras_reiniciar' in res://test/escenas/objetos/ondas_del_balde_test.gd:56[0m  [38;2;128;128;128mavanzar 0.01666666666667 s dejó un buffer nuevo[0m[38;2;173;216;230m	at 'test_los_dos_buffers_son_los_mismos_con_cualquier_delta_y_tras_reiniciar' in res://test/escenas/objetos/ondas_del_balde_test.gd:56[0m  [38;2;128;128;128mavanzar 0.03333333333333 s dejó un buffer nuevo[0m[38;2;173;216;230m	at 'test_los_dos_buffers_son_los_mismos_con_cualquier_delta_y_tras_reiniciar' in res://test/escenas/objetos/ondas_del_balde_test.gd:56[0m  [38;2;128;128;128mavanzar 0.1 s dejó un buffer nuevo[0m[38;2;173;216;230m	at 'test_los_dos_buffers_son_los_mismos_con_cualquier_delta_y_tras_reiniciar' in res://test/escenas/objetos/ondas_del_balde_test.gd:56[0m  [38;2;128;128;128mavanzar 0.2 s dejó un buffer nuevo[0m[38;2;173;216;230m	at 'test_los_dos_buffers_son_los_mismos_con_cualquier_delta_y_tras_reiniciar' in res://test/escenas/objetos/ondas_del_balde_test.gd:56[0m  [38;2;128;128;128m[38;2;255;69;0mExpecting:[0m '[38;2;30;144;255mtrue[0m' but is '[38;2;30;144;255mfalse[0m'[0m[38;2;173;216;230m	at 'test_los_dos_buffers_son_los_mismos_con_cualquier_delta_y_tras_reiniciar' in res://test/escenas/objetos/ondas_del_balde_test.gd:61[0m  [38;2;128;128;128mavanzar 0.0 s dejó un buffer nuevo[0m[38;2;173;216;230m	at 'test_los_dos_buffers_son_los_mismos_con_cualquier_delta_y_tras_reiniciar' in res://test/escenas/objetos/ondas_del_balde_test.gd:56[0m  [38;2;128;128;128mavanzar 0.00694444444444 s dejó un buffer nuevo[0m[38;2;173;216;230m	at 'test_los_dos_buffers_son_los_mismos_con_cualquier_delta_y_tras_reiniciar' in res://test/escenas/objetos/ondas_del_balde_test.gd:56[0m  [38;2;128;128;128mavanzar 0.01666666666667 s dejó un buffer nuevo[0m[38;2;173;216;230m	at 'test_los_dos_buffers_son_los_mismos_con_cualquier_delta_y_tras_reiniciar' in res://test/escenas/objetos/ondas_del_balde_test.gd:56[0m  [38;2;128;128;128mavanzar 0.03333333333333 s dejó un buffer nuevo[0m[38;2;173;216;230m	at 'test_los_dos_buffers_son_los_mismos_con_cualquier_delta_y_tras_reiniciar' in res://test/escenas/objetos/ondas_del_balde_test.gd:56[0m  [38;2;128;128;128mavanzar 0.1 s dejó un buffer nuevo[0m[38;2;173;216;230m	at 'test_los_dos_buffers_son_los_mismos_con_cualquier_delta_y_tras_reiniciar' in res://test/escenas/objetos/ondas_del_balde_test.gd:56[0m  [38;2;128;128;128mavanzar 0.2 s dejó un buffer nuevo[0m[38;2;173;216;230m	at 'test_los_dos_buffers_son_los_mismos_con_cualquier_delta_y_tras_reiniciar' in res://test/escenas/objetos/ondas_del_balde_test.gd:56[0m  [38;2;128;128;128m[38;2;255;69;0mExpecting:[0m '[38;2;30;144;255mtrue[0m' but is '[38;2;30;144;255mfalse[0m'[0m[38;2;173;216;230m	at 'test_los_dos_buffers_son_los_mismos_con_cualquier_delta_y_tras_reiniciar' in res://test/escenas/objetos/ondas_del_balde_test.gd:61[0m  [38;2;128;128;128mavanzar 0.0 s dejó un buffer nuevo[0m[38;2;173;216;230m	at 'test_los_dos_buffers_son_los_mismos_con_cualquier_delta_y_tras_reiniciar' in res://test/escenas/objetos/ondas_del_balde_test.gd:56[0m  [38;2;128;128;128mavanzar 0.00694444444444 s dejó un buffer nuevo[0m[38;2;173;216;230m	at 'test_los_dos_buffers_son_los_mismos_con_cualquier_delta_y_tras_reiniciar' in res://test/escenas/objetos/ondas_del_balde_test.gd:56[0m  [38;2;128;128;128mavanzar 0.01666666666667 s dejó un buffer nuevo[0m[38;2;173;216;230m	at 'test_los_dos_buffers_son_los_mismos_con_cualquier_delta_y_tras_reiniciar' in res://test/escenas/objetos/ondas_del_balde_test.gd:56[0m  [38;2;128;128;128mavanzar 0.03333333333333 s dejó un buffer nuevo[0m[38;2;173;216;230m	at 'test_los_dos_buffers_son_los_mismos_con_cualquier_delta_y_tras_reiniciar' in res://test/escenas/objetos/ondas_del_balde_test.gd:56[0m  [38;2;128;128;128mavanzar 0.1 s dejó un buffer nuevo[0m[38;2;173;216;230m	at 'test_los_dos_buffers_son_los_mismos_con_cualquier_delta_y_tras_reiniciar' in res://test/escenas/objetos/ondas_del_balde_test.gd:56[0m  [38;2;128;128;128mavanzar 0.2 s dejó un buffer nuevo[0m[38;2;173;216;230m	at 'test_los_dos_buffers_son_los_mismos_con_cualquier_delta_y_tras_reiniciar' in res://test/escenas/objetos/ondas_del_balde_test.gd:56[0m  [38;2;128;128;128m[38;2;255;69;0mExpecting:[0m '[38;2;30;144;255mtrue[0m' but is '[38;2;30;144;255mfalse[0m'[0m[38;2;173;216;230m	at 'test_los_dos_buffers_son_los_mismos_con_cualquier_delta_y_tras_reiniciar' in res://test/escenas/objetos/ondas_del_balde_test.gd:61[0m[38;2;128;128;128m[0m
[38;2;128;128;128m[0m
  [38;2;250;235;215mres://test/escenas/objetos/ondas_del_balde_test.gd[0m[38;2;128;128;128m > [0m[38;2;250;235;215mtest_una_instancia_no_comparte_buffers_con_otra[0m[38;2;34;139;34m STARTED[0m[38;2;128;128;128m[0m
  [38;2;250;235;215mres://test/escenas/objetos/ondas_del_balde_test.gd[0m[38;2;128;128;128m > [0m[38;2;250;235;215mtest_una_instancia_no_comparte_buffers_con_otra[0m[38;2;34;139;34m PASSED[0m[38;2;100;149;237m 13ms[0m
[38;2;128;128;128m[0m
  [38;2;250;235;215mres://test/escenas/objetos/ondas_del_balde_test.gd[0m[38;2;128;128;128m > [0m[38;2;250;235;215mtest_reiniciar_tras_un_numero_impar_de_subpasos_limpia_los_dos_buffers[0m[38;2;34;139;34m STARTED[0m[38;2;128;128;128m[0m
  [38;2;250;235;215mres://test/escenas/objetos/ondas_del_balde_test.gd[0m[38;2;128;128;128m > [0m[38;2;250;235;215mtest_reiniciar_tras_un_numero_impar_de_subpasos_limpia_los_dos_buffers[0m[38;2;34;139;34m PASSED[0m[38;2;100;149;237m 16ms[0m
[38;2;128;128;128m[0m
  [38;2;250;235;215mres://test/escenas/objetos/ondas_del_balde_test.gd[0m[38;2;128;128;128m > [0m[38;2;250;235;215mtest_el_muestreo_devuelve_una_copia_que_no_toca_el_avance_siguiente[0m[38;2;34;139;34m STARTED[0m[38;2;128;128;128m[0m
  [38;2;250;235;215mres://test/escenas/objetos/ondas_del_balde_test.gd[0m[38;2;128;128;128m > [0m[38;2;250;235;215mtest_el_muestreo_devuelve_una_copia_que_no_toca_el_avance_siguiente[0m[38;2;34;139;34m PASSED[0m[38;2;100;149;237m 16ms[0m
[38;2;128;128;128m[0m
[38;2;30;144;255mStatistics:[0m[38;2;128;128;128m 6 test cases | 0 errors | 27 failures | 0 flaky | 0 skipped | 0 orphans |[0m[38;2;34;139;34m PASSED[0m[38;2;100;149;237m 173ms[0m
[38;2;128;128;128m[0m
[38;2;128;128;128m[0m
[38;2;30;144;255mOverall Summary:[0m[38;2;255;255;255m 6 test cases | 0 errors | 27 failures | 0 flaky | 0 skipped | 0 orphans |[0m
[38;2;233;150;122mExecuted test suites: (1/1)[0m
[38;2;233;150;122mExecuted test cases : (6/6)[0m
[38;2;233;150;122mTotal execution time: 173ms[0m
[38;2;255;255;255m [0m[38;2;100;149;237mOpen XML Report at: file://reports/report_4/results.xml[0m
[38;2;100;149;237mOpen HTML Report at: file://reports/report_4/index.html[0m
[38;2;178;34;34mExit code: 100[0m
Run dispose test resources
