ERROR: The remote port number must be between 1 and 65535 (inclusive).
   at: connect_to_host (core/io/stream_peer_tcp.cpp:69)
ERROR: Remote Debugger: Unable to connect to host '127.0.0.1:0'.
   at: create_tcp (core/debugger/remote_debugger_peer.cpp:247)
Godot Engine v4.7.2.stable.official.ed1daf0bf - https://godotengine.org

[2J[H[38;2;233;150;122m
--------------------------------------------------------------------------------------------------
GdUnit4 Comandline Tool
--------------------------------------------------------------------------------------------------[0m
[38;2;0;191;255mDisabled fail fast![0m
[38;2;0;191;255mSet write reports to reports[0m
[38;2;218;165;32m
Headless mode is ignored by option '--ignoreHeadlessMode'"

Please note that tests that use UI interaction do not work correctly in headless mode.
Godot 'InputEvents' are not transported by the Godot engine in headless mode and therefore
have no effect in the test!
[0m
[38;2;100;149;237mInstalling GdUnit4 session system hooks.[0m
[38;2;100;149;237mSession hook 'GdUnitHtmlTestReporter' installed.[0m
[38;2;100;149;237mSession hook 'GdUnitXMLTestReporter' installed.[0m
[38;2;100;149;237mInstalling GdUnit4 session hooks.[0m
[38;2;100;149;237mSession hook 'Guardado de la sesión' installed.[0m
ERROR: Couldn't open directory at path "user://guardado_de_los_tests_99544".
   at: get_files_at (core/io/dir_access.cpp:578)
   GDScript backtrace (most recent call first):
       [0] _borrar_la_carpeta (res://test/guardado_de_la_sesion.gd:40)
       [1] startup (res://test/guardado_de_la_sesion.gd:22)
       [2] execute (res://addons/gdUnit4/src/core/hooks/GdUnitTestSessionHookService.gd:125)
       [3] execute_startup (res://addons/gdUnit4/src/core/hooks/GdUnitTestSessionHookService.gd:108)
       [4] _process (res://addons/gdUnit4/src/core/runners/GdUnitTestSessionRunner.gd:127)
[38;2;0;206;209mRun Test Suite: [0m[38;2;250;235;215mres://test/sistemas/tareas/caja_registradora_test.gd[0m
  [38;2;250;235;215mres://test/sistemas/tareas/caja_registradora_test.gd[0m[38;2;128;128;128m > [0m[38;2;250;235;215mtest_publica_lectura_y_cambio_solo_cuando_anota[0m[38;2;34;139;34m STARTED[0m[38;2;128;128;128m[0m
  [38;2;250;235;215mres://test/sistemas/tareas/caja_registradora_test.gd[0m[38;2;128;128;128m > [0m[38;2;250;235;215mtest_publica_lectura_y_cambio_solo_cuando_anota[0m[38;2;34;139;34m PASSED[0m[38;2;100;149;237m 5ms[0m
[38;2;128;128;128m[0m
  [38;2;250;235;215mres://test/sistemas/tareas/caja_registradora_test.gd[0m[38;2;128;128;128m > [0m[38;2;250;235;215mtest_borrar_publica_la_vista_vacia[0m[38;2;34;139;34m STARTED[0m[38;2;128;128;128m[0m
  [38;2;250;235;215mres://test/sistemas/tareas/caja_registradora_test.gd[0m[38;2;128;128;128m > [0m[38;2;250;235;215mtest_borrar_publica_la_vista_vacia[0m[38;2;34;139;34m PASSED[0m[38;2;100;149;237m 5ms[0m
[38;2;128;128;128m[0m
  [38;2;250;235;215mres://test/sistemas/tareas/caja_registradora_test.gd[0m[38;2;128;128;128m > [0m[38;2;250;235;215mtest_imprimir_publica_el_papel_y_no_un_cambio_del_programa[0m[38;2;34;139;34m STARTED[0m[38;2;128;128;128m[0m
  [38;2;250;235;215mres://test/sistemas/tareas/caja_registradora_test.gd[0m[38;2;128;128;128m > [0m[38;2;250;235;215mtest_imprimir_publica_el_papel_y_no_un_cambio_del_programa[0m[38;2;34;139;34m PASSED[0m[38;2;100;149;237m 5ms[0m
[38;2;128;128;128m[0m
  [38;2;250;235;215mres://test/sistemas/tareas/caja_registradora_test.gd[0m[38;2;128;128;128m > [0m[38;2;250;235;215mtest_otra_jornada_reemplaza_el_programa_y_avisa_la_vista[0m[38;2;34;139;34m STARTED[0m[38;2;128;128;128m[0m
  [38;2;250;235;215mres://test/sistemas/tareas/caja_registradora_test.gd[0m[38;2;128;128;128m > [0m[38;2;250;235;215mtest_otra_jornada_reemplaza_el_programa_y_avisa_la_vista[0m[38;2;34;139;34m PASSED[0m[38;2;100;149;237m 5ms[0m
[38;2;128;128;128m[0m
  [38;2;250;235;215mres://test/sistemas/tareas/caja_registradora_test.gd[0m[38;2;128;128;128m > [0m[38;2;250;235;215mtest_sin_generador_el_cableado_avisa_y_no_publica_eventos[0m[38;2;34;139;34m STARTED[0m[38;2;128;128;128m[0m
ERROR: Caja registradora sin generador: revisar almacen.gd
   at: push_error (core/variant/variant_utility.cpp:1023)
   GDScript backtrace (most recent call first):
       [0] _sin_cablear (res://src/sistemas/tareas/caja_registradora.gd:53)
       [1] pedir_borrar (res://src/sistemas/tareas/caja_registradora.gd:36)
       [2] _execute (res://addons/gdUnit4/src/asserts/GdUnitGodotErrorAssertImpl.gd:17)
       [3] is_push_error (res://addons/gdUnit4/src/asserts/GdUnitGodotErrorAssertImpl.gd:132)
       [4] test_sin_generador_el_cableado_avisa_y_no_publica_eventos (res://test/sistemas/tareas/caja_registradora_test.gd:81)
       [5] _execute_test_case (res://addons/gdUnit4/src/core/_TestCase.gd:79)
       [6] execute (res://addons/gdUnit4/src/core/_TestCase.gd:40)
       [7] _execute (res://addons/gdUnit4/src/core/execution/stages/single/GdUnitTestCaseSingleTestStage.gd:10)
       [8] execute (res://addons/gdUnit4/src/core/execution/stages/IGdUnitExecutionStage.gd:19)
       [9] _execute (res://addons/gdUnit4/src/core/execution/stages/single/GdUnitTestCaseSingleExecutionStage.gd:17)
       [10] execute (res://addons/gdUnit4/src/core/execution/stages/IGdUnitExecutionStage.gd:19)
       [11] _execute (res://addons/gdUnit4/src/core/execution/stages/GdUnitTestCaseExecutionStage.gd:26)
       [12] execute (res://addons/gdUnit4/src/core/execution/stages/IGdUnitExecutionStage.gd:19)
       [13] _execute (res://addons/gdUnit4/src/core/execution/stages/GdUnitTestSuiteExecutionStage.gd:36)
       [14] execute (res://addons/gdUnit4/src/core/execution/stages/IGdUnitExecutionStage.gd:19)
       [15] _execute (res://addons/gdUnit4/src/core/execution/stages/GdUnitTestCaseExecutionStage.gd:35)
       [16] execute (res://addons/gdUnit4/src/core/execution/stages/IGdUnitExecutionStage.gd:19)
       [17] _execute (res://addons/gdUnit4/src/core/execution/stages/single/GdUnitTestCaseSingleExecutionStage.gd:28)
       [18] execute (res://addons/gdUnit4/src/core/execution/stages/IGdUnitExecutionStage.gd:19)
       [19] _execute (res://addons/gdUnit4/src/core/execution/stages/single/GdUnitTestCaseSingleTestStage.gd:10)
       [20] execute (res://addons/gdUnit4/src/core/_TestCase.gd:41)
       [21] test_completed (res://addons/gdUnit4/src/core/_TestCase.gd:86)
ERROR: Caja registradora sin generador: revisar almacen.gd
   at: push_error (core/variant/variant_utility.cpp:1023)
   GDScript backtrace (most recent call first):
       [0] _sin_cablear (res://src/sistemas/tareas/caja_registradora.gd:53)
       [1] pedir_imprimir (res://src/sistemas/tareas/caja_registradora.gd:43)
       [2] _execute (res://addons/gdUnit4/src/asserts/GdUnitGodotErrorAssertImpl.gd:17)
       [3] is_push_error (res://addons/gdUnit4/src/asserts/GdUnitGodotErrorAssertImpl.gd:132)
       [4] test_sin_generador_el_cableado_avisa_y_no_publica_eventos (res://test/sistemas/tareas/caja_registradora_test.gd:84)
       [5] _execute_test_case (res://addons/gdUnit4/src/core/_TestCase.gd:79)
       [6] execute (res://addons/gdUnit4/src/core/_TestCase.gd:40)
       [7] _execute (res://addons/gdUnit4/src/core/execution/stages/single/GdUnitTestCaseSingleTestStage.gd:10)
       [8] execute (res://addons/gdUnit4/src/core/execution/stages/IGdUnitExecutionStage.gd:19)
       [9] _execute (res://addons/gdUnit4/src/core/execution/stages/single/GdUnitTestCaseSingleExecutionStage.gd:17)
       [10] execute (res://addons/gdUnit4/src/core/execution/stages/IGdUnitExecutionStage.gd:19)
       [11] _execute (res://addons/gdUnit4/src/core/execution/stages/GdUnitTestCaseExecutionStage.gd:26)
       [12] execute (res://addons/gdUnit4/src/core/execution/stages/IGdUnitExecutionStage.gd:19)
       [13] _execute (res://addons/gdUnit4/src/core/execution/stages/GdUnitTestSuiteExecutionStage.gd:36)
       [14] execute (res://addons/gdUnit4/src/core/execution/stages/IGdUnitExecutionStage.gd:19)
       [15] _execute (res://addons/gdUnit4/src/core/execution/stages/GdUnitTestCaseExecutionStage.gd:35)
       [16] execute (res://addons/gdUnit4/src/core/execution/stages/IGdUnitExecutionStage.gd:19)
       [17] _execute (res://addons/gdUnit4/src/core/execution/stages/single/GdUnitTestCaseSingleExecutionStage.gd:28)
       [18] execute (res://addons/gdUnit4/src/core/execution/stages/IGdUnitExecutionStage.gd:19)
       [19] _execute (res://addons/gdUnit4/src/core/execution/stages/single/GdUnitTestCaseSingleTestStage.gd:10)
       [20] execute (res://addons/gdUnit4/src/core/_TestCase.gd:41)
       [21] test_completed (res://addons/gdUnit4/src/core/_TestCase.gd:86)
ERROR: Caja registradora sin generador: revisar almacen.gd
   at: push_error (core/variant/variant_utility.cpp:1023)
   GDScript backtrace (most recent call first):
       [0] _sin_cablear (res://src/sistemas/tareas/caja_registradora.gd:53)
       [1] pedir_anotar (res://src/sistemas/tareas/caja_registradora.gd:25)
       [2] <anonymous lambda> (res://test/sistemas/tareas/caja_registradora_test.gd:88)
       [3] _execute (res://addons/gdUnit4/src/asserts/GdUnitGodotErrorAssertImpl.gd:17)
       [4] is_push_error (res://addons/gdUnit4/src/asserts/GdUnitGodotErrorAssertImpl.gd:132)
       [5] test_sin_generador_el_cableado_avisa_y_no_publica_eventos (res://test/sistemas/tareas/caja_registradora_test.gd:87)
       [6] _execute_test_case (res://addons/gdUnit4/src/core/_TestCase.gd:79)
       [7] execute (res://addons/gdUnit4/src/core/_TestCase.gd:40)
       [8] _execute (res://addons/gdUnit4/src/core/execution/stages/single/GdUnitTestCaseSingleTestStage.gd:10)
       [9] execute (res://addons/gdUnit4/src/core/execution/stages/IGdUnitExecutionStage.gd:19)
       [10] _execute (res://addons/gdUnit4/src/core/execution/stages/single/GdUnitTestCaseSingleExecutionStage.gd:17)
       [11] execute (res://addons/gdUnit4/src/core/execution/stages/IGdUnitExecutionStage.gd:19)
       [12] _execute (res://addons/gdUnit4/src/core/execution/stages/GdUnitTestCaseExecutionStage.gd:26)
       [13] execute (res://addons/gdUnit4/src/core/execution/stages/IGdUnitExecutionStage.gd:19)
       [14] _execute (res://addons/gdUnit4/src/core/execution/stages/GdUnitTestSuiteExecutionStage.gd:36)
       [15] execute (res://addons/gdUnit4/src/core/execution/stages/IGdUnitExecutionStage.gd:19)
       [16] _execute (res://addons/gdUnit4/src/core/execution/stages/GdUnitTestCaseExecutionStage.gd:35)
       [17] execute (res://addons/gdUnit4/src/core/execution/stages/IGdUnitExecutionStage.gd:19)
       [18] _execute (res://addons/gdUnit4/src/core/execution/stages/single/GdUnitTestCaseSingleExecutionStage.gd:28)
       [19] execute (res://addons/gdUnit4/src/core/execution/stages/IGdUnitExecutionStage.gd:19)
       [20] _execute (res://addons/gdUnit4/src/core/execution/stages/single/GdUnitTestCaseSingleTestStage.gd:10)
       [21] execute (res://addons/gdUnit4/src/core/_TestCase.gd:41)
       [22] test_completed (res://addons/gdUnit4/src/core/_TestCase.gd:86)
  [38;2;250;235;215mres://test/sistemas/tareas/caja_registradora_test.gd[0m[38;2;128;128;128m > [0m[38;2;250;235;215mtest_sin_generador_el_cableado_avisa_y_no_publica_eventos[0m[38;2;178;34;34m[1m FAILED[0m[38;2;100;149;237m 9ms[0m
  [38;2;0;206;209m[1m[4mReport:[0m
  [38;2;128;128;128mExpecting: push_error() is called.
	expected: 'Caja registradora sin generador: revisar almacen.gd'
	current: 'no errors'
[0m[38;2;173;216;230m	at 'test_sin_generador_el_cableado_avisa_y_no_publica_eventos' in res://test/sistemas/tareas/caja_registradora_test.gd:91[0m[38;2;128;128;128m[0m
[38;2;128;128;128m[0m
  [38;2;250;235;215mres://test/sistemas/tareas/caja_registradora_test.gd[0m[38;2;128;128;128m > [0m[38;2;250;235;215mtest_arrancar_publica_el_modo_de_cada_jornada_y_la_vista_vacia[0m[38;2;34;139;34m STARTED[0m[38;2;128;128;128m[0m
  [38;2;250;235;215mres://test/sistemas/tareas/caja_registradora_test.gd[0m[38;2;128;128;128m > [0m[38;2;250;235;215mtest_arrancar_publica_el_modo_de_cada_jornada_y_la_vista_vacia[0m[38;2;178;34;34m[1m FAILED[0m[38;2;100;149;237m 7ms[0m
  [38;2;0;206;209m[1m[4mReport:[0m
  [38;2;128;128;128m[38;2;255;69;0mExpecting contains exactly elements:[0m
 '[38;2;30;144;255m<empty>[0m'
 do contains (in same order)
 '[38;2;30;144;255m[false, true, true, true, false][0m'
but could not find elements:
 '[38;2;30;144;255m[false, true, true, true, false][0m'[0m[38;2;173;216;230m	at 'test_arrancar_publica_el_modo_de_cada_jornada_y_la_vista_vacia' in res://test/sistemas/tareas/caja_registradora_test.gd:108[0m[38;2;128;128;128m[0m
[38;2;128;128;128m[0m
  [38;2;250;235;215mres://test/sistemas/tareas/caja_registradora_test.gd[0m[38;2;128;128;128m > [0m[38;2;250;235;215mtest_elegir_publica_solo_un_cambio_aceptado_y_no_una_lectura[0m[38;2;34;139;34m STARTED[0m[38;2;128;128;128m[0m
  [38;2;250;235;215mres://test/sistemas/tareas/caja_registradora_test.gd[0m[38;2;128;128;128m > [0m[38;2;250;235;215mtest_elegir_publica_solo_un_cambio_aceptado_y_no_una_lectura[0m[38;2;178;34;34m[1m FAILED[0m[38;2;100;149;237m 5ms[0m
  [38;2;0;206;209m[1m[4mReport:[0m
  [38;2;128;128;128m[38;2;255;69;0mExpecting:[0m
 [38;2;30;144;255m3[0m
 but was
 [38;2;30;144;255m2[0m[0m[38;2;173;216;230m	at 'test_elegir_publica_solo_un_cambio_aceptado_y_no_una_lectura' in res://test/sistemas/tareas/caja_registradora_test.gd:129[0m  [38;2;128;128;128m[38;2;255;69;0mExpecting:[0m
 [38;2;30;144;255m<RefCounted>[0m
 to refer to the same object
 '[38;2;30;144;255m<null>[0m'[0m[38;2;173;216;230m	at 'test_elegir_publica_solo_un_cambio_aceptado_y_no_una_lectura' in res://test/sistemas/tareas/caja_registradora_test.gd:130[0m  [38;2;128;128;128m[38;2;255;69;0mExpecting:[0m
 [38;2;30;144;255m4[0m
 but was
 [38;2;30;144;255m2[0m[0m[38;2;173;216;230m	at 'test_elegir_publica_solo_un_cambio_aceptado_y_no_una_lectura' in res://test/sistemas/tareas/caja_registradora_test.gd:133[0m[38;2;128;128;128m[0m
[38;2;128;128;128m[0m
  [38;2;250;235;215mres://test/sistemas/tareas/caja_registradora_test.gd[0m[38;2;128;128;128m > [0m[38;2;250;235;215mtest_usar_el_hueco_es_silencioso_tanto_vacio_como_lleno[0m[38;2;34;139;34m STARTED[0m[38;2;128;128;128m[0m
  [38;2;250;235;215mres://test/sistemas/tareas/caja_registradora_test.gd[0m[38;2;128;128;128m > [0m[38;2;250;235;215mtest_usar_el_hueco_es_silencioso_tanto_vacio_como_lleno[0m[38;2;178;34;34m[1m FAILED[0m[38;2;100;149;237m 5ms[0m
  [38;2;0;206;209m[1m[4mReport:[0m
  [38;2;128;128;128m[38;2;255;69;0mExpecting:[0m
 must be empty but was
 '[38;2;30;144;255m["rechazo", "leido", "cambio", "rechazo"][0m'[0m[38;2;173;216;230m	at 'test_usar_el_hueco_es_silencioso_tanto_vacio_como_lleno' in res://test/sistemas/tareas/caja_registradora_test.gd:156[0m  [38;2;128;128;128m[38;2;255;69;0mExpecting contains exactly elements:[0m
 '[38;2;30;144;255m[<RefCounted#-9223371858328418358>][0m'
 do contains (in same order)
 '[38;2;30;144;255m<empty>[0m'
but some elements where not expected:
 '[38;2;30;144;255m[<RefCounted#-9223371858328418358>][0m'[0m[38;2;173;216;230m	at 'test_usar_el_hueco_es_silencioso_tanto_vacio_como_lleno' in res://test/sistemas/tareas/caja_registradora_test.gd:157[0m  [38;2;128;128;128m[38;2;255;69;0mExpecting:[0m
 must be empty but was
 '[38;2;30;144;255m["rechazo", "leido", "cambio", "rechazo"][0m'[0m[38;2;173;216;230m	at 'test_usar_el_hueco_es_silencioso_tanto_vacio_como_lleno' in res://test/sistemas/tareas/caja_registradora_test.gd:156[0m  [38;2;128;128;128m[38;2;255;69;0mExpecting contains exactly elements:[0m
 '[38;2;30;144;255m[<RefCounted#-9223371858328418358>, <RefCounted#-9223371858328418358>][0m'
 do contains (in same order)
 '[38;2;30;144;255m[<RefCounted#-9223371858328418358>][0m'
 but has different order at position [38;2;30;144;255m1[0m
 '<RefCounted#-9223371858328418358>' vs '"<no entry>"'[0m[38;2;173;216;230m	at 'test_usar_el_hueco_es_silencioso_tanto_vacio_como_lleno' in res://test/sistemas/tareas/caja_registradora_test.gd:157[0m[38;2;128;128;128m[0m
[38;2;128;128;128m[0m
[38;2;30;144;255mStatistics:[0m[38;2;128;128;128m 8 test cases | 0 errors | 9 failures | 0 flaky | 0 skipped | 0 orphans |[0m[38;2;34;139;34m PASSED[0m[38;2;100;149;237m 103ms[0m
[38;2;128;128;128m[0m
[38;2;128;128;128m[0m
[38;2;30;144;255mOverall Summary:[0m[38;2;255;255;255m 8 test cases | 0 errors | 9 failures | 0 flaky | 0 skipped | 0 orphans |[0m
[38;2;233;150;122mExecuted test suites: (1/1)[0m
[38;2;233;150;122mExecuted test cases : (8/8)[0m
[38;2;233;150;122mTotal execution time: 103ms[0m
[38;2;255;255;255m [0m[38;2;100;149;237mOpen XML Report at: file://reports/report_20/results.xml[0m
[38;2;100;149;237mOpen HTML Report at: file://reports/report_20/index.html[0m
[38;2;178;34;34mExit code: 100[0m
Run dispose test resources
