ERROR: The remote port number must be between 1 and 65535 (inclusive).
   at: connect_to_host (core/io/stream_peer_tcp.cpp:69)
ERROR: Remote Debugger: Unable to connect to host '127.0.0.1:0'.
   at: create_tcp (core/debugger/remote_debugger_peer.cpp:247)
Godot Engine v4.7.2.stable.official.ed1daf0bf - https://godotengine.org

[2J[H[38;2;233;150;122m
--------------------------------------------------------------------------------------------------
GdUnit4 Comandline Tool
--------------------------------------------------------------------------------------------------[0m
[38;2;0;191;255mDisabled fail fast![0m
[38;2;0;191;255mSet write reports to reports[0m
[38;2;218;165;32m
Headless mode is ignored by option '--ignoreHeadlessMode'"

Please note that tests that use UI interaction do not work correctly in headless mode.
Godot 'InputEvents' are not transported by the Godot engine in headless mode and therefore
have no effect in the test!
[0m
[38;2;100;149;237mInstalling GdUnit4 session system hooks.[0m
[38;2;100;149;237mSession hook 'GdUnitHtmlTestReporter' installed.[0m
[38;2;100;149;237mSession hook 'GdUnitXMLTestReporter' installed.[0m
[38;2;100;149;237mInstalling GdUnit4 session hooks.[0m
[38;2;100;149;237mSession hook 'Guardado de la sesión' installed.[0m
ERROR: Couldn't open directory at path "user://guardado_de_los_tests_97040".
   at: get_files_at (core/io/dir_access.cpp:578)
   GDScript backtrace (most recent call first):
       [0] _borrar_la_carpeta (res://test/guardado_de_la_sesion.gd:40)
       [1] startup (res://test/guardado_de_la_sesion.gd:22)
       [2] execute (res://addons/gdUnit4/src/core/hooks/GdUnitTestSessionHookService.gd:125)
       [3] execute_startup (res://addons/gdUnit4/src/core/hooks/GdUnitTestSessionHookService.gd:108)
       [4] _process (res://addons/gdUnit4/src/core/runners/GdUnitTestSessionRunner.gd:127)
[38;2;0;206;209mRun Test Suite: [0m[38;2;250;235;215mres://test/sistemas/tareas/caja_registradora_test.gd[0m
  [38;2;250;235;215mres://test/sistemas/tareas/caja_registradora_test.gd[0m[38;2;128;128;128m > [0m[38;2;250;235;215mtest_publica_lectura_y_cambio_solo_cuando_anota[0m[38;2;34;139;34m STARTED[0m[38;2;128;128;128m[0m
  [38;2;250;235;215mres://test/sistemas/tareas/caja_registradora_test.gd[0m[38;2;128;128;128m > [0m[38;2;250;235;215mtest_publica_lectura_y_cambio_solo_cuando_anota[0m[38;2;178;34;34m[1m FAILED[0m[38;2;100;149;237m 26ms[0m
  [38;2;0;206;209m[1m[4mReport:[0m
  [38;2;128;128;128m[38;2;255;69;0mExpecting contains exactly elements:[0m
 '[38;2;30;144;255m<empty>[0m'
 do contains (in same order)
 '[38;2;30;144;255m["leido", "cambiado", "leido", "cambiado", "leido", "cambiado"][0m'
but could not find elements:
 '[38;2;30;144;255m["leido", "cambiado", "leido", "cambiado", "leido", "cambiado"][0m'[0m[38;2;173;216;230m	at 'test_publica_lectura_y_cambio_solo_cuando_anota' in res://test/sistemas/tareas/caja_registradora_test.gd:15[0m  [38;2;128;128;128m[38;2;255;69;0mExpecting contains exactly elements:[0m
 '[38;2;30;144;255m<empty>[0m'
 do contains (in same order)
 '[38;2;30;144;255m[2, 1][0m'
but could not find elements:
 '[38;2;30;144;255m[2, 1][0m'[0m[38;2;173;216;230m	at 'test_publica_lectura_y_cambio_solo_cuando_anota' in res://test/sistemas/tareas/caja_registradora_test.gd:20[0m  [38;2;128;128;128m[38;2;255;69;0mExpecting:[0m
 [38;2;30;144;255m6[0m
 but was
 [38;2;30;144;255m0[0m[0m[38;2;173;216;230m	at 'test_publica_lectura_y_cambio_solo_cuando_anota' in res://test/sistemas/tareas/caja_registradora_test.gd:23[0m[38;2;128;128;128m[0m
[38;2;128;128;128m[0m
  [38;2;250;235;215mres://test/sistemas/tareas/caja_registradora_test.gd[0m[38;2;128;128;128m > [0m[38;2;250;235;215mtest_borrar_publica_la_vista_vacia[0m[38;2;34;139;34m STARTED[0m[38;2;128;128;128m[0m
  [38;2;250;235;215mres://test/sistemas/tareas/caja_registradora_test.gd[0m[38;2;128;128;128m > [0m[38;2;250;235;215mtest_borrar_publica_la_vista_vacia[0m[38;2;178;34;34m[1m FAILED[0m[38;2;100;149;237m 23ms[0m
  [38;2;0;206;209m[1m[4mReport:[0m
  [38;2;128;128;128m[38;2;255;69;0mExpecting:[0m
 [38;2;30;144;255m1[0m
 but was
 [38;2;30;144;255m0[0m[0m[38;2;173;216;230m	at 'test_borrar_publica_la_vista_vacia' in res://test/sistemas/tareas/caja_registradora_test.gd:35[0m[38;2;128;128;128m[0m
[38;2;128;128;128m[0m
  [38;2;250;235;215mres://test/sistemas/tareas/caja_registradora_test.gd[0m[38;2;128;128;128m > [0m[38;2;250;235;215mtest_imprimir_publica_el_papel_y_no_un_cambio_del_programa[0m[38;2;34;139;34m STARTED[0m[38;2;128;128;128m[0m
  [38;2;250;235;215mres://test/sistemas/tareas/caja_registradora_test.gd[0m[38;2;128;128;128m > [0m[38;2;250;235;215mtest_imprimir_publica_el_papel_y_no_un_cambio_del_programa[0m[38;2;178;34;34m[1m FAILED[0m[38;2;100;149;237m 26ms[0m
  [38;2;0;206;209m[1m[4mReport:[0m
  [38;2;128;128;128m[38;2;255;69;0mExpecting:[0m
 [38;2;30;144;255m1[0m
 but was
 [38;2;30;144;255m0[0m[0m[38;2;173;216;230m	at 'test_imprimir_publica_el_papel_y_no_un_cambio_del_programa' in res://test/sistemas/tareas/caja_registradora_test.gd:51[0m[38;2;128;128;128m[0m
[38;2;128;128;128m[0m
  [38;2;250;235;215mres://test/sistemas/tareas/caja_registradora_test.gd[0m[38;2;128;128;128m > [0m[38;2;250;235;215mtest_otra_jornada_reemplaza_el_programa_y_avisa_la_vista[0m[38;2;34;139;34m STARTED[0m[38;2;128;128;128m[0m
  [38;2;250;235;215mres://test/sistemas/tareas/caja_registradora_test.gd[0m[38;2;128;128;128m > [0m[38;2;250;235;215mtest_otra_jornada_reemplaza_el_programa_y_avisa_la_vista[0m[38;2;178;34;34m[1m FAILED[0m[38;2;100;149;237m 27ms[0m
  [38;2;0;206;209m[1m[4mReport:[0m
  [38;2;128;128;128m[38;2;255;69;0mExpecting:[0m
 [38;2;30;144;255m1[0m
 but was
 [38;2;30;144;255m0[0m[0m[38;2;173;216;230m	at 'test_otra_jornada_reemplaza_el_programa_y_avisa_la_vista' in res://test/sistemas/tareas/caja_registradora_test.gd:70[0m[38;2;128;128;128m[0m
[38;2;128;128;128m[0m
  [38;2;250;235;215mres://test/sistemas/tareas/caja_registradora_test.gd[0m[38;2;128;128;128m > [0m[38;2;250;235;215mtest_sin_generador_el_cableado_avisa_y_no_publica_eventos[0m[38;2;34;139;34m STARTED[0m[38;2;128;128;128m[0m
  [38;2;250;235;215mres://test/sistemas/tareas/caja_registradora_test.gd[0m[38;2;128;128;128m > [0m[38;2;250;235;215mtest_sin_generador_el_cableado_avisa_y_no_publica_eventos[0m[38;2;178;34;34m[1m FAILED[0m[38;2;100;149;237m 25ms[0m
  [38;2;0;206;209m[1m[4mReport:[0m
  [38;2;128;128;128mExpecting: push_error() is called.
	expected: 'Caja registradora sin generador: revisar almacen.gd'
	current: 'no errors'
[0m[38;2;173;216;230m	at 'test_sin_generador_el_cableado_avisa_y_no_publica_eventos' in res://test/sistemas/tareas/caja_registradora_test.gd:81[0m  [38;2;128;128;128mExpecting: push_error() is called.
	expected: 'Caja registradora sin generador: revisar almacen.gd'
	current: 'no errors'
[0m[38;2;173;216;230m	at 'test_sin_generador_el_cableado_avisa_y_no_publica_eventos' in res://test/sistemas/tareas/caja_registradora_test.gd:84[0m  [38;2;128;128;128mExpecting: push_error() is called.
	expected: 'Caja registradora sin generador: revisar almacen.gd'
	current: 'no errors'
[0m[38;2;173;216;230m	at 'test_sin_generador_el_cableado_avisa_y_no_publica_eventos' in res://test/sistemas/tareas/caja_registradora_test.gd:87[0m[38;2;128;128;128m[0m
[38;2;128;128;128m[0m
[38;2;30;144;255mStatistics:[0m[38;2;128;128;128m 5 test cases | 0 errors | 9 failures | 0 flaky | 0 skipped | 0 orphans |[0m[38;2;34;139;34m PASSED[0m[38;2;100;149;237m 429ms[0m
[38;2;128;128;128m[0m
[38;2;128;128;128m[0m
[38;2;30;144;255mOverall Summary:[0m[38;2;255;255;255m 5 test cases | 0 errors | 9 failures | 0 flaky | 0 skipped | 0 orphans |[0m
[38;2;233;150;122mExecuted test suites: (1/1)[0m
[38;2;233;150;122mExecuted test cases : (5/5)[0m
[38;2;233;150;122mTotal execution time: 429ms[0m
[38;2;255;255;255m [0m[38;2;100;149;237mOpen XML Report at: file://reports/report_14/results.xml[0m
[38;2;100;149;237mOpen HTML Report at: file://reports/report_14/index.html[0m
[38;2;178;34;34mExit code: 100[0m
Run dispose test resources
