Godot Engine v4.7.2.stable.official.ed1daf0bf - https://godotengine.org
OpenGL API 3.3.0 NVIDIA 591.66 - Compatibility - Using Device: NVIDIA - NVIDIA GeForce RTX 4050 Laptop GPU

SONDA304_SITIOS inodoro=6 centro=(10.945, 0.595, 5.811)
SONDA304_FOCO /root/Almacen/Estructura/inodoro/StaticBody3D proyeccion=(960.0, 540.0) viewport=[P: (0.0, 0.0), S: (1920.0, 1080.0)] pose=[X: (-0.92388, 0.0, 0.382683), Y: (0.320584, 0.546089, 0.773959), Z: (-0.208979, 0.837727, -0.504521), O: (10.63885, 1.822238, 5.071896)] dibujada=[X: (-0.92388, 0.0, 0.382683), Y: (0.320584, 0.546089, 0.773959), Z: (-0.208979, 0.837727, -0.504521), O: (10.63885, 1.822238, 5.071896)] enfocado=StaticBody3D:<StaticBody3D#153427643618> valida=true
SONDA304_MONTAJE {"artefacto":"inodoro","camara":"(10.63885, 1.822238, 5.071896)","destino":"inodoro","foco":"/root/Almacen/Estructura/inodoro/StaticBody3D","held":"ticket","jugador":"(10.63885, 0.122238, 5.071896)"}
SONDA304_SITIOS bano_inodoro_2=6 centro=(12.555, 0.595, 5.811)
SONDA304_FOCO /root/Almacen/Estructura/bano_inodoro_2/StaticBody3D proyeccion=(960.0, 540.0) viewport=[P: (0.0, 0.0), S: (1920.0, 1080.0)] pose=[X: (-0.92388, 0.0, 0.382683), Y: (0.320584, 0.546089, 0.773959), Z: (-0.208979, 0.837727, -0.504521), O: (12.24885, 1.822238, 5.071896)] dibujada=[X: (-0.92388, 0.0, 0.382683), Y: (0.320584, 0.546089, 0.773959), Z: (-0.208979, 0.837727, -0.504521), O: (12.24885, 1.822238, 5.071896)] enfocado=StaticBody3D:<StaticBody3D#148360924084> valida=true
SONDA304_MONTAJE {"artefacto":"bano_inodoro_2","camara":"(12.24885, 1.822238, 5.071896)","destino":"inodoro","foco":"/root/Almacen/Estructura/bano_inodoro_2/StaticBody3D","held":"ticket","jugador":"(12.24885, 0.122238, 5.071896)"}
SONDA304_SITIOS vanitory=21 centro=(13.159, 0.95775, 2.456)
SONDA304_FOCO /root/Almacen/Estructura/vanitory/StaticBody3D proyeccion=(960.0, 539.9999) viewport=[P: (0.0, 0.0), S: (1920.0, 1080.0)] pose=[X: (0.382684, 0.0, 0.923879), Y: (0.678083, 0.679201, -0.280871), Z: (-0.6275, 0.733952, 0.259919), O: (12.4199, 1.822238, 2.762146)] dibujada=[X: (0.382684, 0.0, 0.923879), Y: (0.678083, 0.679201, -0.280871), Z: (-0.6275, 0.733952, 0.259919), O: (12.4199, 1.822238, 2.762146)] enfocado=StaticBody3D:<StaticBody3D#155340246356> valida=true
SONDA304_MONTAJE {"artefacto":"vanitory","camara":"(12.4199, 1.822238, 2.762146)","destino":"lavatorio","foco":"/root/Almacen/Estructura/vanitory/StaticBody3D","held":"ticket","jugador":"(12.4199, 0.122238, 2.762146)"}
SONDA304_SITIOS bano_lavatorio_2=14 centro=(13.159, 0.95775, 0.835999)
SONDA304_FOCO /root/Almacen/Estructura/bano_lavatorio_2/StaticBody3D proyeccion=(960.0001, 539.9999) viewport=[P: (0.0, 0.0), S: (1920.0, 1080.0)] pose=[X: (0.382684, 0.0, 0.923879), Y: (0.678083, 0.679201, -0.280871), Z: (-0.6275, 0.733952, 0.259919), O: (12.4199, 1.822238, 1.142146)] dibujada=[X: (0.382684, 0.0, 0.923879), Y: (0.678083, 0.679201, -0.280871), Z: (-0.6275, 0.733952, 0.259919), O: (12.4199, 1.822238, 1.142146)] enfocado=StaticBody3D:<StaticBody3D#148411255735> valida=true
SONDA304_MONTAJE {"artefacto":"bano_lavatorio_2","camara":"(12.4199, 1.822238, 1.142146)","destino":"lavatorio","foco":"/root/Almacen/Estructura/bano_lavatorio_2/StaticBody3D","held":"ticket","jugador":"(12.4199, 0.122238, 1.142146)"}
SONDA304_SITIOS inodoro=6 centro=(10.945, 0.595, 5.811)
SONDA304_FOCO /root/Almacen/Estructura/inodoro/StaticBody3D proyeccion=(640.0, 360.0) viewport=[P: (0.0, 0.0), S: (1280.0, 720.0)] pose=[X: (-0.92388, 0.0, 0.382683), Y: (0.320584, 0.546089, 0.773959), Z: (-0.208979, 0.837727, -0.504521), O: (10.63885, 1.822238, 5.071896)] dibujada=[X: (-0.92388, 0.0, 0.382683), Y: (0.320584, 0.546089, 0.773959), Z: (-0.208979, 0.837727, -0.504521), O: (10.63885, 1.822238, 5.071896)] enfocado=StaticBody3D:<StaticBody3D#153427643618> valida=true
SONDA304_MONTAJE {"artefacto":"inodoro","camara":"(10.63885, 1.822238, 5.071896)","destino":"inodoro","foco":"/root/Almacen/Estructura/inodoro/StaticBody3D","held":"ticket","jugador":"(10.63885, 0.122238, 5.071896)"}
SONDA304_SITIOS bano_inodoro_2=6 centro=(12.555, 0.595, 5.811)
SONDA304_FOCO /root/Almacen/Estructura/bano_inodoro_2/StaticBody3D proyeccion=(640.0, 360.0) viewport=[P: (0.0, 0.0), S: (1280.0, 720.0)] pose=[X: (-0.92388, 0.0, 0.382683), Y: (0.320584, 0.546089, 0.773959), Z: (-0.208979, 0.837727, -0.504521), O: (12.24885, 1.822238, 5.071896)] dibujada=[X: (-0.92388, 0.0, 0.382683), Y: (0.320584, 0.546089, 0.773959), Z: (-0.208979, 0.837727, -0.504521), O: (12.24885, 1.822238, 5.071896)] enfocado=StaticBody3D:<StaticBody3D#148360924084> valida=true
SONDA304_MONTAJE {"artefacto":"bano_inodoro_2","camara":"(12.24885, 1.822238, 5.071896)","destino":"inodoro","foco":"/root/Almacen/Estructura/bano_inodoro_2/StaticBody3D","held":"ticket","jugador":"(12.24885, 0.122238, 5.071896)"}
SONDA304_SITIOS vanitory=21 centro=(13.159, 0.95775, 2.456)
SONDA304_FOCO /root/Almacen/Estructura/vanitory/StaticBody3D proyeccion=(640.0, 360.0) viewport=[P: (0.0, 0.0), S: (1280.0, 720.0)] pose=[X: (0.382684, 0.0, 0.923879), Y: (0.678083, 0.679201, -0.280871), Z: (-0.6275, 0.733952, 0.259919), O: (12.4199, 1.822238, 2.762146)] dibujada=[X: (0.382684, 0.0, 0.923879), Y: (0.678083, 0.679201, -0.280871), Z: (-0.6275, 0.733952, 0.259919), O: (12.4199, 1.822238, 2.762146)] enfocado=StaticBody3D:<StaticBody3D#155340246356> valida=true
SONDA304_MONTAJE {"artefacto":"vanitory","camara":"(12.4199, 1.822238, 2.762146)","destino":"lavatorio","foco":"/root/Almacen/Estructura/vanitory/StaticBody3D","held":"ticket","jugador":"(12.4199, 0.122238, 2.762146)"}
SONDA304_SITIOS bano_lavatorio_2=14 centro=(13.159, 0.95775, 0.835999)
SONDA304_FOCO /root/Almacen/Estructura/bano_lavatorio_2/StaticBody3D proyeccion=(640.0, 360.0) viewport=[P: (0.0, 0.0), S: (1280.0, 720.0)] pose=[X: (0.382684, 0.0, 0.923879), Y: (0.678083, 0.679201, -0.280871), Z: (-0.6275, 0.733952, 0.259919), O: (12.4199, 1.822238, 1.142146)] dibujada=[X: (0.382684, 0.0, 0.923879), Y: (0.678083, 0.679201, -0.280871), Z: (-0.6275, 0.733952, 0.259919), O: (12.4199, 1.822238, 1.142146)] enfocado=StaticBody3D:<StaticBody3D#148411255735> valida=true
SONDA304_MONTAJE {"artefacto":"bano_lavatorio_2","camara":"(12.4199, 1.822238, 1.142146)","destino":"lavatorio","foco":"/root/Almacen/Estructura/bano_lavatorio_2/StaticBody3D","held":"ticket","jugador":"(12.4199, 0.122238, 1.142146)"}
SONDA304_MONTAJE_LIBERADO
SONDA304_SCOPE_LIBERADO
SONDA304_FINAL_LIMPIA
