ERROR: The remote port number must be between 1 and 65535 (inclusive).
   at: connect_to_host (core/io/stream_peer_tcp.cpp:69)
ERROR: Remote Debugger: Unable to connect to host '127.0.0.1:0'.
   at: create_tcp (core/debugger/remote_debugger_peer.cpp:247)
Godot Engine v4.7.2.stable.official.ed1daf0bf - https://godotengine.org

[2J[H[38;2;233;150;122m
--------------------------------------------------------------------------------------------------
GdUnit4 Comandline Tool
--------------------------------------------------------------------------------------------------[0m
[38;2;0;191;255mDisabled fail fast![0m
[38;2;0;191;255mSet write reports to reports[0m
[38;2;218;165;32m
Headless mode is ignored by option '--ignoreHeadlessMode'"

Please note that tests that use UI interaction do not work correctly in headless mode.
Godot 'InputEvents' are not transported by the Godot engine in headless mode and therefore
have no effect in the test!
[0m
SCRIPT ERROR: Parse Error: "for" iterator variable "jornada" has no static type. (Warning treated as error.)
   at: GDScript::reload (res://test/dominio/almacen/generador_de_tickets_test.gd:95)
   GDScript backtrace (most recent call first):
       [0] load_with_disabled_warnings (res://addons/gdUnit4/src/core/GdUnitTestSuiteScanner.gd:225)
       [1] _load_is_test_suite (res://addons/gdUnit4/src/core/GdUnitTestSuiteScanner.gd:129)
       [2] scan (res://addons/gdUnit4/src/core/GdUnitTestSuiteScanner.gd:50)
       [3] discover_tests (res://addons/gdUnit4/src/core/runners/GdUnitTestCIRunner.gd:407)
       [4] init_gd_unit (res://addons/gdUnit4/src/core/runners/GdUnitTestCIRunner.gd:382)
       [5] init_runner (res://addons/gdUnit4/src/core/runners/GdUnitTestCIRunner.gd:117)
       [6] _process (res://addons/gdUnit4/src/core/runners/GdUnitTestSessionRunner.gd:120)
SCRIPT ERROR: Parse Error: "for" iterator variable "jornada" has no static type. (Warning treated as error.)
   at: GDScript::reload (res://test/dominio/almacen/generador_de_tickets_test.gd:126)
   GDScript backtrace (most recent call first):
       [0] load_with_disabled_warnings (res://addons/gdUnit4/src/core/GdUnitTestSuiteScanner.gd:225)
       [1] _load_is_test_suite (res://addons/gdUnit4/src/core/GdUnitTestSuiteScanner.gd:129)
       [2] scan (res://addons/gdUnit4/src/core/GdUnitTestSuiteScanner.gd:50)
       [3] discover_tests (res://addons/gdUnit4/src/core/runners/GdUnitTestCIRunner.gd:407)
       [4] init_gd_unit (res://addons/gdUnit4/src/core/runners/GdUnitTestCIRunner.gd:382)
       [5] init_runner (res://addons/gdUnit4/src/core/runners/GdUnitTestCIRunner.gd:117)
       [6] _process (res://addons/gdUnit4/src/core/runners/GdUnitTestSessionRunner.gd:120)
SCRIPT ERROR: Parse Error: "for" iterator variable "indice" has no static type. (Warning treated as error.)
   at: GDScript::reload (res://test/dominio/almacen/generador_de_tickets_test.gd:132)
   GDScript backtrace (most recent call first):
       [0] load_with_disabled_warnings (res://addons/gdUnit4/src/core/GdUnitTestSuiteScanner.gd:225)
       [1] _load_is_test_suite (res://addons/gdUnit4/src/core/GdUnitTestSuiteScanner.gd:129)
       [2] scan (res://addons/gdUnit4/src/core/GdUnitTestSuiteScanner.gd:50)
       [3] discover_tests (res://addons/gdUnit4/src/core/runners/GdUnitTestCIRunner.gd:407)
       [4] init_gd_unit (res://addons/gdUnit4/src/core/runners/GdUnitTestCIRunner.gd:382)
       [5] init_runner (res://addons/gdUnit4/src/core/runners/GdUnitTestCIRunner.gd:117)
       [6] _process (res://addons/gdUnit4/src/core/runners/GdUnitTestSessionRunner.gd:120)
SCRIPT ERROR: Parse Error: "for" iterator variable "elegido" has no static type. (Warning treated as error.)
   at: GDScript::reload (res://test/dominio/almacen/generador_de_tickets_test.gd:145)
   GDScript backtrace (most recent call first):
       [0] load_with_disabled_warnings (res://addons/gdUnit4/src/core/GdUnitTestSuiteScanner.gd:225)
       [1] _load_is_test_suite (res://addons/gdUnit4/src/core/GdUnitTestSuiteScanner.gd:129)
       [2] scan (res://addons/gdUnit4/src/core/GdUnitTestSuiteScanner.gd:50)
       [3] discover_tests (res://addons/gdUnit4/src/core/runners/GdUnitTestCIRunner.gd:407)
       [4] init_gd_unit (res://addons/gdUnit4/src/core/runners/GdUnitTestCIRunner.gd:382)
       [5] init_runner (res://addons/gdUnit4/src/core/runners/GdUnitTestCIRunner.gd:117)
       [6] _process (res://addons/gdUnit4/src/core/runners/GdUnitTestSessionRunner.gd:120)
ERROR: Failed to load script "res://test/dominio/almacen/generador_de_tickets_test.gd" with error "Parse error".
   at: load (modules/gdscript/gdscript_resource_format.cpp:46)
   GDScript backtrace (most recent call first):
       [0] load_with_disabled_warnings (res://addons/gdUnit4/src/core/GdUnitTestSuiteScanner.gd:225)
       [1] _load_is_test_suite (res://addons/gdUnit4/src/core/GdUnitTestSuiteScanner.gd:129)
       [2] scan (res://addons/gdUnit4/src/core/GdUnitTestSuiteScanner.gd:50)
       [3] discover_tests (res://addons/gdUnit4/src/core/runners/GdUnitTestCIRunner.gd:407)
       [4] init_gd_unit (res://addons/gdUnit4/src/core/runners/GdUnitTestCIRunner.gd:382)
       [5] init_runner (res://addons/gdUnit4/src/core/runners/GdUnitTestCIRunner.gd:117)
       [6] _process (res://addons/gdUnit4/src/core/runners/GdUnitTestSessionRunner.gd:120)
SCRIPT ERROR: Parse Error: "for" iterator variable "jornada" has no static type. (Warning treated as error.)
   at: GDScript::reload (res://test/sistemas/tareas/caja_registradora_test.gd:100)
   GDScript backtrace (most recent call first):
       [0] load_with_disabled_warnings (res://addons/gdUnit4/src/core/GdUnitTestSuiteScanner.gd:225)
       [1] _load_is_test_suite (res://addons/gdUnit4/src/core/GdUnitTestSuiteScanner.gd:129)
       [2] scan (res://addons/gdUnit4/src/core/GdUnitTestSuiteScanner.gd:50)
       [3] discover_tests (res://addons/gdUnit4/src/core/runners/GdUnitTestCIRunner.gd:407)
       [4] init_gd_unit (res://addons/gdUnit4/src/core/runners/GdUnitTestCIRunner.gd:382)
       [5] init_runner (res://addons/gdUnit4/src/core/runners/GdUnitTestCIRunner.gd:117)
       [6] _process (res://addons/gdUnit4/src/core/runners/GdUnitTestSessionRunner.gd:120)
SCRIPT ERROR: Parse Error: "for" iterator variable "indice" has no static type. (Warning treated as error.)
   at: GDScript::reload (res://test/sistemas/tareas/caja_registradora_test.gd:121)
   GDScript backtrace (most recent call first):
       [0] load_with_disabled_warnings (res://addons/gdUnit4/src/core/GdUnitTestSuiteScanner.gd:225)
       [1] _load_is_test_suite (res://addons/gdUnit4/src/core/GdUnitTestSuiteScanner.gd:129)
       [2] scan (res://addons/gdUnit4/src/core/GdUnitTestSuiteScanner.gd:50)
       [3] discover_tests (res://addons/gdUnit4/src/core/runners/GdUnitTestCIRunner.gd:407)
       [4] init_gd_unit (res://addons/gdUnit4/src/core/runners/GdUnitTestCIRunner.gd:382)
       [5] init_runner (res://addons/gdUnit4/src/core/runners/GdUnitTestCIRunner.gd:117)
       [6] _process (res://addons/gdUnit4/src/core/runners/GdUnitTestSessionRunner.gd:120)
ERROR: Failed to load script "res://test/sistemas/tareas/caja_registradora_test.gd" with error "Parse error".
   at: load (modules/gdscript/gdscript_resource_format.cpp:46)
   GDScript backtrace (most recent call first):
       [0] load_with_disabled_warnings (res://addons/gdUnit4/src/core/GdUnitTestSuiteScanner.gd:225)
       [1] _load_is_test_suite (res://addons/gdUnit4/src/core/GdUnitTestSuiteScanner.gd:129)
       [2] scan (res://addons/gdUnit4/src/core/GdUnitTestSuiteScanner.gd:50)
       [3] discover_tests (res://addons/gdUnit4/src/core/runners/GdUnitTestCIRunner.gd:407)
       [4] init_gd_unit (res://addons/gdUnit4/src/core/runners/GdUnitTestCIRunner.gd:382)
       [5] init_runner (res://addons/gdUnit4/src/core/runners/GdUnitTestCIRunner.gd:117)
       [6] _process (res://addons/gdUnit4/src/core/runners/GdUnitTestSessionRunner.gd:120)
SCRIPT ERROR: Parse Error: "for" iterator variable "elegido" has no static type. (Warning treated as error.)
   at: GDScript::reload (res://test/ui/diegetica/programa_de_tickets_test.gd:96)
   GDScript backtrace (most recent call first):
       [0] load_with_disabled_warnings (res://addons/gdUnit4/src/core/GdUnitTestSuiteScanner.gd:225)
       [1] _load_is_test_suite (res://addons/gdUnit4/src/core/GdUnitTestSuiteScanner.gd:129)
       [2] scan (res://addons/gdUnit4/src/core/GdUnitTestSuiteScanner.gd:50)
       [3] discover_tests (res://addons/gdUnit4/src/core/runners/GdUnitTestCIRunner.gd:407)
       [4] init_gd_unit (res://addons/gdUnit4/src/core/runners/GdUnitTestCIRunner.gd:382)
       [5] init_runner (res://addons/gdUnit4/src/core/runners/GdUnitTestCIRunner.gd:117)
       [6] _process (res://addons/gdUnit4/src/core/runners/GdUnitTestSessionRunner.gd:120)
ERROR: Failed to load script "res://test/ui/diegetica/programa_de_tickets_test.gd" with error "Parse error".
   at: load (modules/gdscript/gdscript_resource_format.cpp:46)
   GDScript backtrace (most recent call first):
       [0] load_with_disabled_warnings (res://addons/gdUnit4/src/core/GdUnitTestSuiteScanner.gd:225)
       [1] _load_is_test_suite (res://addons/gdUnit4/src/core/GdUnitTestSuiteScanner.gd:129)
       [2] scan (res://addons/gdUnit4/src/core/GdUnitTestSuiteScanner.gd:50)
       [3] discover_tests (res://addons/gdUnit4/src/core/runners/GdUnitTestCIRunner.gd:407)
       [4] init_gd_unit (res://addons/gdUnit4/src/core/runners/GdUnitTestCIRunner.gd:382)
       [5] init_runner (res://addons/gdUnit4/src/core/runners/GdUnitTestCIRunner.gd:117)
       [6] _process (res://addons/gdUnit4/src/core/runners/GdUnitTestSessionRunner.gd:120)
[38;2;220;20;60mScript errors were detected during test discovery![0m
[38;2;255;255;255m  Parse Error: "for" iterator variable "jornada" has no static type. (Warning treated as error.)
	at res://test/dominio/almacen/generador_de_tickets_test.gd:95[0m
[38;2;255;255;255m  Parse Error: "for" iterator variable "jornada" has no static type. (Warning treated as error.)
	at res://test/dominio/almacen/generador_de_tickets_test.gd:126[0m
[38;2;255;255;255m  Parse Error: "for" iterator variable "indice" has no static type. (Warning treated as error.)
	at res://test/dominio/almacen/generador_de_tickets_test.gd:132[0m
[38;2;255;255;255m  Parse Error: "for" iterator variable "elegido" has no static type. (Warning treated as error.)
	at res://test/dominio/almacen/generador_de_tickets_test.gd:145[0m
[38;2;255;255;255m  Parse Error: "for" iterator variable "jornada" has no static type. (Warning treated as error.)
	at res://test/sistemas/tareas/caja_registradora_test.gd:100[0m
[38;2;255;255;255m  Parse Error: "for" iterator variable "indice" has no static type. (Warning treated as error.)
	at res://test/sistemas/tareas/caja_registradora_test.gd:121[0m
[38;2;255;255;255m  Parse Error: "for" iterator variable "elegido" has no static type. (Warning treated as error.)
	at res://test/ui/diegetica/programa_de_tickets_test.gd:96[0m
[38;2;220;20;60mAbnormal exit with 105[0m
Run dispose test resources
