Godot Engine v4.7.2.stable.official.ed1daf0bf - https://godotengine.org
OpenGL API 3.3.0 NVIDIA 591.66 - Compatibility - Using Device: NVIDIA - NVIDIA GeForce RTX 4050 Laptop GPU

ERROR: Origen de circulacion no caminable
   at: push_error (core/variant/variant_utility.cpp:1023)
   GDScript backtrace (most recent call first):
       [0] comprobar (C:/Users/fede_/AppData/Local/Temp/nosefia-batch-364-370-20261010/301-escena.gd:16)
       [1] circulacion (C:/Users/fede_/AppData/Local/Temp/nosefia-batch-364-370-20261010/301-escena.gd:74)
       [2] ejecutar (C:/Users/fede_/AppData/Local/Temp/nosefia-batch-364-370-20261010/301-escena.gd:170)
ERROR: Sin acceso a Estructura/puerta
   at: push_error (core/variant/variant_utility.cpp:1023)
   GDScript backtrace (most recent call first):
       [0] comprobar (C:/Users/fede_/AppData/Local/Temp/nosefia-batch-364-370-20261010/301-escena.gd:16)
       [1] circulacion (C:/Users/fede_/AppData/Local/Temp/nosefia-batch-364-370-20261010/301-escena.gd:107)
       [2] ejecutar (C:/Users/fede_/AppData/Local/Temp/nosefia-batch-364-370-20261010/301-escena.gd:170)
ERROR: Sin acceso a Estructura/puerta2
   at: push_error (core/variant/variant_utility.cpp:1023)
   GDScript backtrace (most recent call first):
       [0] comprobar (C:/Users/fede_/AppData/Local/Temp/nosefia-batch-364-370-20261010/301-escena.gd:16)
       [1] circulacion (C:/Users/fede_/AppData/Local/Temp/nosefia-batch-364-370-20261010/301-escena.gd:107)
       [2] ejecutar (C:/Users/fede_/AppData/Local/Temp/nosefia-batch-364-370-20261010/301-escena.gd:170)
ERROR: Sin acceso a Estructura/bano_puerta_1
   at: push_error (core/variant/variant_utility.cpp:1023)
   GDScript backtrace (most recent call first):
       [0] comprobar (C:/Users/fede_/AppData/Local/Temp/nosefia-batch-364-370-20261010/301-escena.gd:16)
       [1] circulacion (C:/Users/fede_/AppData/Local/Temp/nosefia-batch-364-370-20261010/301-escena.gd:107)
       [2] ejecutar (C:/Users/fede_/AppData/Local/Temp/nosefia-batch-364-370-20261010/301-escena.gd:170)
ERROR: Sin acceso a Estructura/bano_puerta_2
   at: push_error (core/variant/variant_utility.cpp:1023)
   GDScript backtrace (most recent call first):
       [0] comprobar (C:/Users/fede_/AppData/Local/Temp/nosefia-batch-364-370-20261010/301-escena.gd:16)
       [1] circulacion (C:/Users/fede_/AppData/Local/Temp/nosefia-batch-364-370-20261010/301-escena.gd:107)
       [2] ejecutar (C:/Users/fede_/AppData/Local/Temp/nosefia-batch-364-370-20261010/301-escena.gd:170)
ERROR: Sin acceso a Estructura/Ventanilla
   at: push_error (core/variant/variant_utility.cpp:1023)
   GDScript backtrace (most recent call first):
       [0] comprobar (C:/Users/fede_/AppData/Local/Temp/nosefia-batch-364-370-20261010/301-escena.gd:16)
       [1] circulacion (C:/Users/fede_/AppData/Local/Temp/nosefia-batch-364-370-20261010/301-escena.gd:107)
       [2] ejecutar (C:/Users/fede_/AppData/Local/Temp/nosefia-batch-364-370-20261010/301-escena.gd:170)
ERROR: Sin acceso a Estructura/EscritorioComputadora
   at: push_error (core/variant/variant_utility.cpp:1023)
   GDScript backtrace (most recent call first):
       [0] comprobar (C:/Users/fede_/AppData/Local/Temp/nosefia-batch-364-370-20261010/301-escena.gd:16)
       [1] circulacion (C:/Users/fede_/AppData/Local/Temp/nosefia-batch-364-370-20261010/301-escena.gd:107)
       [2] ejecutar (C:/Users/fede_/AppData/Local/Temp/nosefia-batch-364-370-20261010/301-escena.gd:170)
301_ESCENA_FINAL base centros=2.60447597503662 fallos=["Origen de circulacion no caminable", "Sin acceso a Estructura/puerta", "Sin acceso a Estructura/puerta2", "Sin acceso a Estructura/bano_puerta_1", "Sin acceso a Estructura/bano_puerta_2", "Sin acceso a Estructura/Ventanilla", "Sin acceso a Estructura/EscritorioComputadora"]
