devuelto (el editor lo re-serializó al guardar): src/escenas/almacen.tscn
devuelto (el editor lo re-serializó al guardar): sucio.tres
devuelto (el editor lo re-serializó al guardar): assets/models/textura portón.png.import
devuelto (el editor lo re-serializó al guardar): assets/models/textura portón.png.import
Plantilla preparada: C:\Users\fede_\AppData\Local\Temp\tmptiaphty2\build\templates\web_release.zip
Plantilla preparada: C:\Users\fede_\AppData\Local\Temp\tmpov3epnud\build\templates\web_release.zip
Plantilla preparada: C:\Users\fede_\AppData\Local\Temp\tmp4qhx49tr\build\templates\web_release.zip
Preparando plantilla; caché no reutilizable: [Errno 2] No such file or directory: 'C:\\Users\\fede_\\AppData\\Local\\Temp\\tmp8pe0sukd\\build\\templates\\web_release.manifiesto.json'
Plantilla preparada: C:\Users\fede_\AppData\Local\Temp\tmp8pe0sukd\build\templates\web_release.zip
Plantilla verificada: C:\Users\fede_\AppData\Local\Temp\tmp8pe0sukd\build\templates\web_release.zip
Ejecutando: git -c core.autocrlf=false apply --check C:\Users\fede_\AppData\Local\Temp\tmpabtp6h78\motor.patch
Ejecutando: git -c core.autocrlf=false apply C:\Users\fede_\AppData\Local\Temp\tmpabtp6h78\motor.patch
Motor de la exportación verificado: C:\Users\fede_\AppData\Local\Temp\tmpamt9kybe\export\web
Plantilla preparada: C:\Users\fede_\AppData\Local\Temp\tmppcrf_8om\build\templates\web_release.zip
Plantilla verificada: C:\Users\fede_\AppData\Local\Temp\tmppcrf_8om\build\templates\web_release.zip
Plantilla verificada: C:\Users\fede_\AppData\Local\Temp\tmppcrf_8om\build\templates\web_release.zip
Plantilla verificada: C:\Users\fede_\AppData\Local\Temp\tmppcrf_8om\build\templates\web_release.zip
Plantilla preparada: C:\Users\fede_\AppData\Local\Temp\tmpr00zabhv\build\templates\web_release.zip
Plantilla preparada: C:\Users\fede_\AppData\Local\Temp\tmp6zqr_sy5\build\templates\web_release.zip
Plantilla preparada: C:\Users\fede_\AppData\Local\Temp\tmpgv5919wh\build\templates\web_release.zip
Plantilla preparada: C:\Users\fede_\AppData\Local\Temp\tmp4be31nqr\build\templates\web_release.zip
Ejecutando: git -c core.autocrlf=false apply --check C:\Users\fede_\AppData\Local\Temp\tmpjycpirih\motor.patch
Ejecutando: git -c core.autocrlf=false apply C:\Users\fede_\AppData\Local\Temp\tmpjycpirih\motor.patch
Plantilla preparada: C:\Users\fede_\AppData\Local\Temp\tmpcrf9fhfp\build\templates\web_release.zip
Ejecutando: git -c core.autocrlf=false apply --check C:\Users\fede_\AppData\Local\Temp\tmpzdej0n9v\motor.patch
Ejecutando: git -c core.autocrlf=false apply C:\Users\fede_\AppData\Local\Temp\tmpzdej0n9v\motor.patch
...................................................................................................................................................................................................................................................................................................................................................................................................................................................s.............................................................................................................................................
----------------------------------------------------------------------
Ran 577 tests in 67.832s

OK (skipped=1)
