devuelto (el editor lo re-serializó al guardar): src/escenas/almacen.tscn
devuelto (el editor lo re-serializó al guardar): sucio.tres
devuelto (el editor lo re-serializó al guardar): assets/models/textura portón.png.import
devuelto (el editor lo re-serializó al guardar): assets/models/textura portón.png.import
Plantilla preparada: C:\Users\fede_\AppData\Local\Temp\tmpwoougtbm\build\templates\web_release.zip
Plantilla preparada: C:\Users\fede_\AppData\Local\Temp\tmplfm2qzf4\build\templates\web_release.zip
Plantilla preparada: C:\Users\fede_\AppData\Local\Temp\tmp4nc2v8x5\build\templates\web_release.zip
Preparando plantilla; caché no reutilizable: [Errno 2] No such file or directory: 'C:\\Users\\fede_\\AppData\\Local\\Temp\\tmprgr57cke\\build\\templates\\web_release.manifiesto.json'
Plantilla preparada: C:\Users\fede_\AppData\Local\Temp\tmprgr57cke\build\templates\web_release.zip
Plantilla verificada: C:\Users\fede_\AppData\Local\Temp\tmprgr57cke\build\templates\web_release.zip
Ejecutando: git -c core.autocrlf=false apply --check C:\Users\fede_\AppData\Local\Temp\tmp3ju685u_\motor.patch
Ejecutando: git -c core.autocrlf=false apply C:\Users\fede_\AppData\Local\Temp\tmp3ju685u_\motor.patch
Motor de la exportación verificado: C:\Users\fede_\AppData\Local\Temp\tmp4q0d6cqf\export\web
Plantilla preparada: C:\Users\fede_\AppData\Local\Temp\tmpetrhyakx\build\templates\web_release.zip
Plantilla verificada: C:\Users\fede_\AppData\Local\Temp\tmpetrhyakx\build\templates\web_release.zip
Plantilla verificada: C:\Users\fede_\AppData\Local\Temp\tmpetrhyakx\build\templates\web_release.zip
Plantilla verificada: C:\Users\fede_\AppData\Local\Temp\tmpetrhyakx\build\templates\web_release.zip
Plantilla preparada: C:\Users\fede_\AppData\Local\Temp\tmp5myn0g_z\build\templates\web_release.zip
Plantilla preparada: C:\Users\fede_\AppData\Local\Temp\tmprn_emd_r\build\templates\web_release.zip
Plantilla preparada: C:\Users\fede_\AppData\Local\Temp\tmpqykdjybc\build\templates\web_release.zip
Plantilla preparada: C:\Users\fede_\AppData\Local\Temp\tmprudbwua_\build\templates\web_release.zip
Ejecutando: git -c core.autocrlf=false apply --check C:\Users\fede_\AppData\Local\Temp\tmpqri2ntz8\motor.patch
Ejecutando: git -c core.autocrlf=false apply C:\Users\fede_\AppData\Local\Temp\tmpqri2ntz8\motor.patch
Plantilla preparada: C:\Users\fede_\AppData\Local\Temp\tmprwgqg2jd\build\templates\web_release.zip
Ejecutando: git -c core.autocrlf=false apply --check C:\Users\fede_\AppData\Local\Temp\tmp4d6424jx\motor.patch
Ejecutando: git -c core.autocrlf=false apply C:\Users\fede_\AppData\Local\Temp\tmp4d6424jx\motor.patch
...................................................................................................................................................................................................................................................................................................................................................................................................................................................s.............................................................................................................................................
----------------------------------------------------------------------
Ran 577 tests in 73.244s

OK (skipped=1)
