Godot Engine v4.7.2.stable.official.ed1daf0bf - https://godotengine.org

GEOMETRIA369 porton [X: (0.116076, 0.0, 0.0), Y: (0.0, 1.202821, 0.0), Z: (0.0, 0.0, 2.15695), O: (-4.698592, 1.305058, -11.49705)]
AABB369 porton [P: (-4.814668, 0.102237, -13.654), S: (0.232151, 3.387137, 4.3139)]
GEOMETRIA369 deposito_pallet_central_izquierdo_0_1 [X: (0.0, 0.0, -1.0), Y: (0.0, 1.0, 0.0), Z: (1.0, 0.0, 0.0), O: (-0.414914, 0.43, -10.79425)]
AABB369 deposito_pallet_central_izquierdo_0_1 [P: (-0.824914, 0.43, -11.61425), S: (0.82, 0.12, 1.639999)]
GEOMETRIA369 deposito_pallet_central_izquierdo_0_0 [X: (0.0, 0.0, -1.0), Y: (0.0, 1.0, 0.0), Z: (1.0, 0.0, 0.0), O: (-0.414914, 0.43, -9.134248)]
AABB369 deposito_pallet_central_izquierdo_0_0 [P: (-0.824914, 0.43, -9.954247), S: (0.82, 0.12, 1.639999)]
GEOMETRIA369 deposito_pallet_piso [X: (1.0, 0.0, 0.0), Y: (0.0, 1.0, 0.0), Z: (0.0, 0.0, 1.0), O: (0.8, 0.102237, -13.0)]
AABB369 deposito_pallet_piso [P: (0.2, 0.102237, -13.4), S: (1.2, 0.12, 0.799999)]
PISO369 [P: (-4.594377, -0.103771, -15.39797), S: (12.51991, 0.206508, 7.144682)]
CAJA369 CajaDeActroncito [X: (1.0, 0.0, 0.0), Y: (0.0, 1.0, 0.0), Z: (0.0, 0.0, 1.0), O: (3.193498, 1.56, -9.354248)]
CAJA369 CajaDeDurextra [X: (1.0, 0.0, 0.0), Y: (0.0, 1.0, 0.0), Z: (0.0, 0.0, 1.0), O: (3.193498, 1.56, -8.914248)]
CAJA369 CajaDeBurbaloo [X: (1.0, 0.0, 0.0), Y: (0.0, 1.0, 0.0), Z: (0.0, 0.0, 1.0), O: (3.193498, 0.853708, -9.457955)]
CAJA369 CajaDeZucarachas [X: (1.0, 0.0, 0.0), Y: (0.0, 1.0, 0.0), Z: (0.0, 0.0, 1.0), O: (-0.414914, 0.853708, -9.457955)]
CAJA369 CajaDeLaysntt [X: (1.0, 0.0, 0.0), Y: (0.0, 1.0, 0.0), Z: (0.0, 0.0, 1.0), O: (3.193498, 0.853708, -10.79425)]
CAJA369 CajaDeMalbardo [X: (1.0, 0.0, 0.0), Y: (0.0, 1.0, 0.0), Z: (0.0, 0.0, 1.0), O: (3.193498, 1.56, -10.57425)]
CAJA369 CajaDeProngles [X: (1.0, 0.0, 0.0), Y: (0.0, 1.0, 0.0), Z: (0.0, 0.0, 1.0), O: (-0.414914, 0.853708, -8.81054)]
CAJA369 CajaDeJorgillo [X: (1.0, 0.0, 0.0), Y: (0.0, 1.0, 0.0), Z: (0.0, 0.0, 1.0), O: (3.193498, 1.56, -11.01425)]
CAJA369 CajaDeArvejas [X: (0.0, 0.0, 1.0), Y: (0.0, 1.0, 0.0), Z: (-1.0, 0.0, 0.0), O: (5.06087, 0.75, -14.9513)]
CAJA369 CajaDeChisitos [X: (1.0, 0.0, 0.0), Y: (0.0, 1.0, 0.0), Z: (0.0, 0.0, 1.0), O: (-0.414914, 0.853708, -10.79425)]
CAJA369 CajaDeOremos [X: (1.0, 0.0, 0.0), Y: (0.0, 1.0, 0.0), Z: (0.0, 0.0, 1.0), O: (3.193498, 0.853708, -8.81054)]
CAJA369 CajaDePepitos [X: (0.0, 0.0, 1.0), Y: (0.0, 1.0, 0.0), Z: (-1.0, 0.0, 0.0), O: (5.604577, 0.853708, -14.9513)]
CAJA369 CajaDeSaladik [X: (1.0, 0.0, 0.0), Y: (0.0, 1.0, 0.0), Z: (0.0, 0.0, 1.0), O: (3.193498, 2.473358, -8.81054)]
CAJA369 CajaDeUakas [X: (0.0, 0.0, 1.0), Y: (0.0, 1.0, 0.0), Z: (-1.0, 0.0, 0.0), O: (6.72087, 0.853708, -14.9513)]
CAJA369 CajaDeCoracola [X: (1.0, 0.0, 0.0), Y: (0.0, 1.0, 0.0), Z: (0.0, 0.0, 1.0), O: (3.193498, 2.473358, -9.457955)]
CAJA369 CajaDeFrotlups [X: (1.0, 0.0, 0.0), Y: (0.0, 1.0, 0.0), Z: (0.0, 0.0, 1.0), O: (3.193498, 2.473358, -10.57425)]
CAJA369 CajaDeMarolini [X: (0.0, 0.0, 1.0), Y: (0.0, 1.0, 0.0), Z: (-1.0, 0.0, 0.0), O: (7.368285, 0.853708, -14.9513)]
CAJA369 CajaDeAmargadito [X: (1.0, 0.0, 0.0), Y: (0.0, 1.0, 0.0), Z: (0.0, 0.0, 1.0), O: (-0.414914, 1.663708, -8.81054)]
CAJA369 CajaDeCindolor [X: (1.0, 0.0, 0.0), Y: (0.0, 1.0, 0.0), Z: (0.0, 0.0, 1.0), O: (-0.414914, 2.473358, -8.81054)]
CAJA369 CajaDeFlinpuf [X: (1.0, 0.0, 0.0), Y: (0.0, 1.0, 0.0), Z: (0.0, 0.0, 1.0), O: (-0.414914, 1.663708, -9.457955)]
CAJA369 CajaDeDonsaturados [X: (1.0, 0.0, 0.0), Y: (0.0, 1.0, 0.0), Z: (0.0, 0.0, 1.0), O: (-0.414914, 2.473358, -9.457955)]
CAJA369 CajaDePetisas [X: (1.0, 0.0, 0.0), Y: (0.0, 1.0, 0.0), Z: (0.0, 0.0, 1.0), O: (-0.414914, 2.473358, -10.57425)]
CAJA369 CajaDeMacumbas [X: (0.0, 0.0, 1.0), Y: (0.0, 1.0, 0.0), Z: (-1.0, 0.0, 0.0), O: (5.06087, 2.473358, -14.9513)]
CAJA369 CajaDeCosaDeMani [X: (1.0, 0.0, 0.0), Y: (0.0, 1.0, 0.0), Z: (0.0, 0.0, 1.0), O: (3.193498, 2.369651, -11.11796)]
CAJA369 CajaDeDuronga [X: (1.0, 0.0, 0.0), Y: (0.0, 1.0, 0.0), Z: (0.0, 0.0, 1.0), O: (-0.414914, 2.369651, -11.11796)]
CAJA369 CajaDeFernetGod [X: (0.0, 0.0, 1.0), Y: (0.0, 1.0, 0.0), Z: (-1.0, 0.0, 0.0), O: (5.708285, 2.473358, -14.9513)]
CAJA369 CajaDeMayonchis [X: (0.0, 0.0, 1.0), Y: (0.0, 1.0, 0.0), Z: (-1.0, 0.0, 0.0), O: (7.044577, 2.473358, -14.9513)]
CAJA369 CajaDeOaaaa [X: (1.0, 0.0, 0.0), Y: (0.0, 1.0, 0.0), Z: (0.0, 0.0, 1.0), O: (-0.414914, 1.56, -10.79425)]
CAJA369 CajaDeTerminator [X: (0.0, 0.0, 1.0), Y: (0.0, 1.0, 0.0), Z: (-1.0, 0.0, 0.0), O: (5.06087, 1.663708, -14.9513)]
CAJA369 CajaDeMarranos [X: (0.0, 0.0, 1.0), Y: (0.0, 1.0, 0.0), Z: (-1.0, 0.0, 0.0), O: (5.708285, 1.663708, -14.9513)]
CAJA369 CajaDeFeelRickyFort [X: (0.0, 0.0, 1.0), Y: (0.0, 1.0, 0.0), Z: (-1.0, 0.0, 0.0), O: (7.044577, 1.663708, -14.9513)]
WARNING: 24 ObjectDB instances were leaked at exit (run with `--verbose` for details).
   at: cleanup (core/object/object.cpp:2536)
ERROR: 4 resources still in use at exit (run with --verbose for details).
   at: clear (core/io/resource.cpp:822)
