devuelto (el editor lo re-serializó al guardar): src/escenas/almacen.tscn
devuelto (el editor lo re-serializó al guardar): sucio.tres
devuelto (el editor lo re-serializó al guardar): assets/models/textura portón.png.import
devuelto (el editor lo re-serializó al guardar): assets/models/textura portón.png.import
Plantilla preparada: C:\Users\fede_\AppData\Local\Temp\tmpvimis5hp\build\templates\web_release.zip
Plantilla preparada: C:\Users\fede_\AppData\Local\Temp\tmpw7yzcqym\build\templates\web_release.zip
Plantilla preparada: C:\Users\fede_\AppData\Local\Temp\tmpi1hrvsw3\build\templates\web_release.zip
Preparando plantilla; caché no reutilizable: [Errno 2] No such file or directory: 'C:\\Users\\fede_\\AppData\\Local\\Temp\\tmpnhhvnulk\\build\\templates\\web_release.manifiesto.json'
Plantilla preparada: C:\Users\fede_\AppData\Local\Temp\tmpnhhvnulk\build\templates\web_release.zip
Plantilla verificada: C:\Users\fede_\AppData\Local\Temp\tmpnhhvnulk\build\templates\web_release.zip
Ejecutando: git -c core.autocrlf=false apply --check C:\Users\fede_\AppData\Local\Temp\tmpd76n2kmd\motor.patch
Ejecutando: git -c core.autocrlf=false apply C:\Users\fede_\AppData\Local\Temp\tmpd76n2kmd\motor.patch
Motor de la exportación verificado: C:\Users\fede_\AppData\Local\Temp\tmpfz0_2p8f\export\web
Plantilla preparada: C:\Users\fede_\AppData\Local\Temp\tmposw1f5x5\build\templates\web_release.zip
Plantilla verificada: C:\Users\fede_\AppData\Local\Temp\tmposw1f5x5\build\templates\web_release.zip
Plantilla verificada: C:\Users\fede_\AppData\Local\Temp\tmposw1f5x5\build\templates\web_release.zip
Plantilla verificada: C:\Users\fede_\AppData\Local\Temp\tmposw1f5x5\build\templates\web_release.zip
Plantilla preparada: C:\Users\fede_\AppData\Local\Temp\tmpf5h4et4u\build\templates\web_release.zip
Plantilla preparada: C:\Users\fede_\AppData\Local\Temp\tmp73y0g9wq\build\templates\web_release.zip
Plantilla preparada: C:\Users\fede_\AppData\Local\Temp\tmpr9qvzxkl\build\templates\web_release.zip
Plantilla preparada: C:\Users\fede_\AppData\Local\Temp\tmpwnad709p\build\templates\web_release.zip
Ejecutando: git -c core.autocrlf=false apply --check C:\Users\fede_\AppData\Local\Temp\tmptej71ky3\motor.patch
Ejecutando: git -c core.autocrlf=false apply C:\Users\fede_\AppData\Local\Temp\tmptej71ky3\motor.patch
Plantilla preparada: C:\Users\fede_\AppData\Local\Temp\tmpzm52s7di\build\templates\web_release.zip
Ejecutando: git -c core.autocrlf=false apply --check C:\Users\fede_\AppData\Local\Temp\tmp7k82mckm\motor.patch
Ejecutando: git -c core.autocrlf=false apply C:\Users\fede_\AppData\Local\Temp\tmp7k82mckm\motor.patch
...................................................................................................................................................................................................................................................................................................................................................................................................................................................s.............................................................................................................................................
----------------------------------------------------------------------
Ran 577 tests in 77.796s

OK (skipped=1)
