devuelto (el editor lo re-serializó al guardar): src/escenas/almacen.tscn
devuelto (el editor lo re-serializó al guardar): sucio.tres
devuelto (el editor lo re-serializó al guardar): assets/models/textura portón.png.import
devuelto (el editor lo re-serializó al guardar): assets/models/textura portón.png.import
Plantilla preparada: C:\Users\fede_\AppData\Local\Temp\tmpzj43nx6d\build\templates\web_release.zip
Plantilla preparada: C:\Users\fede_\AppData\Local\Temp\tmpzj8fsxwy\build\templates\web_release.zip
Plantilla preparada: C:\Users\fede_\AppData\Local\Temp\tmpn10tpyxk\build\templates\web_release.zip
Preparando plantilla; caché no reutilizable: [Errno 2] No such file or directory: 'C:\\Users\\fede_\\AppData\\Local\\Temp\\tmpld9er33m\\build\\templates\\web_release.manifiesto.json'
Plantilla preparada: C:\Users\fede_\AppData\Local\Temp\tmpld9er33m\build\templates\web_release.zip
Plantilla verificada: C:\Users\fede_\AppData\Local\Temp\tmpld9er33m\build\templates\web_release.zip
Ejecutando: git -c core.autocrlf=false apply --check C:\Users\fede_\AppData\Local\Temp\tmp8xesevu6\motor.patch
Ejecutando: git -c core.autocrlf=false apply C:\Users\fede_\AppData\Local\Temp\tmp8xesevu6\motor.patch
Motor de la exportación verificado: C:\Users\fede_\AppData\Local\Temp\tmph7sr7vos\export\web
Plantilla preparada: C:\Users\fede_\AppData\Local\Temp\tmp6hfq0moa\build\templates\web_release.zip
Plantilla verificada: C:\Users\fede_\AppData\Local\Temp\tmp6hfq0moa\build\templates\web_release.zip
Plantilla verificada: C:\Users\fede_\AppData\Local\Temp\tmp6hfq0moa\build\templates\web_release.zip
Plantilla verificada: C:\Users\fede_\AppData\Local\Temp\tmp6hfq0moa\build\templates\web_release.zip
Plantilla preparada: C:\Users\fede_\AppData\Local\Temp\tmpyzi96dwt\build\templates\web_release.zip
Plantilla preparada: C:\Users\fede_\AppData\Local\Temp\tmpm5kov4b8\build\templates\web_release.zip
Plantilla preparada: C:\Users\fede_\AppData\Local\Temp\tmpfexgam0t\build\templates\web_release.zip
Plantilla preparada: C:\Users\fede_\AppData\Local\Temp\tmpvm6rxeit\build\templates\web_release.zip
Ejecutando: git -c core.autocrlf=false apply --check C:\Users\fede_\AppData\Local\Temp\tmpguo_u6lj\motor.patch
Ejecutando: git -c core.autocrlf=false apply C:\Users\fede_\AppData\Local\Temp\tmpguo_u6lj\motor.patch
Plantilla preparada: C:\Users\fede_\AppData\Local\Temp\tmpv4m5zqtu\build\templates\web_release.zip
Ejecutando: git -c core.autocrlf=false apply --check C:\Users\fede_\AppData\Local\Temp\tmpdx7wr69p\motor.patch
Ejecutando: git -c core.autocrlf=false apply C:\Users\fede_\AppData\Local\Temp\tmpdx7wr69p\motor.patch
...................................................................................................................................................................................................................................................................................................................................................................................................................................................s.............................................................................................................................................
----------------------------------------------------------------------
Ran 577 tests in 99.317s

OK (skipped=1)
