00:02.188  blend            | Read blend: "C:\Users\fede_\AppData\Local\Temp\nosefia-batch-364-370-20261010\301-modelo-externo.blend"
A.este.0: largo 3.512, fondo 0.800, libre desde 0.001: Jorgillo (fija) x5, Petisas (fija) x6
A.este.1: largo 3.512, fondo 0.969, libre desde 0.001: Uakas x5, Saladik x5
A.este.2: largo 3.512, fondo 0.969, libre desde 0.001: Pepitos x11
A.este.3: largo 3.512, fondo 0.969, libre desde 0.001: Saladik (fija) x5, Burbaloo (fija) x6
A.norte.0: largo 1.536, fondo 0.355, libre desde 0.009: Chisitos x5
A.norte.1: largo 1.536, fondo 0.366, libre desde 0.009: Laysntt x5
A.norte.2: largo 1.536, fondo 0.355, libre desde 0.009: Chisitos (fija) x5
A.oeste.0: largo 3.512, fondo 0.390, libre desde 0.001: Marolini (fija) x5, Uakas (fija) x5
A.oeste.1: largo 3.512, fondo 0.559, libre desde 0.001: Zucarachas x6, Frotlups x6
A.oeste.2: largo 3.512, fondo 0.559, libre desde 0.001: Prongles x18
A.oeste.3: largo 3.512, fondo 0.559, libre desde 0.001: Oremos (fija) x5, Pepitos (fija) x5
A.sur.0: largo 1.536, fondo 0.464, libre desde 0.009: Macumbas x9
A.sur.1: largo 1.536, fondo 0.213, libre desde 0.009: Malbardo x11
A.sur.2: largo 1.536, fondo 0.273, libre desde 0.009: Durextra (fija) x6
B.este.0: largo 3.512, fondo 0.607, libre desde 0.001: Donsaturados (fija) x5, Petisas (fija) x6
B.este.1: largo 3.512, fondo 0.736, libre desde 0.001: Feel Ricky Fort x7
B.este.2: largo 3.512, fondo 0.736, libre desde 0.001: Marolini x5, Burbaloo x6
B.este.3: largo 3.512, fondo 0.736, libre desde 0.001: Frotlups (fija) x6, Saladik (fija) x5
B.norte.0: largo 1.576, fondo 0.314, libre desde 0.009: Jorgillo x5
B.norte.1: largo 1.576, fondo 0.273, libre desde 0.009: Duronga x6
B.norte.2: largo 1.576, fondo 0.213, libre desde 0.009: Malbardo (fija) x11
B.oeste.0: largo 3.512, fondo 0.705, libre desde 0.001: Cindolor (fija) x7, Marranos (fija) x7
B.oeste.1: largo 3.512, fondo 0.834, libre desde 0.001: Donsaturados x5, Oremos x5
B.oeste.2: largo 3.512, fondo 0.834, libre desde 0.001: Actroncito x11
B.oeste.3: largo 3.512, fondo 0.834, libre desde 0.001: Zucarachas (fija) x6, Saladik (fija) x5
B.sur.0: largo 1.576, fondo 0.406, libre desde 0.009: Cindolor x6
B.sur.1: largo 1.576, fondo 0.273, libre desde 0.009: Durextra x6
B.sur.2: largo 1.576, fondo 0.273, libre desde 0.009: Duronga (fija) x6
H1.sur.0: largo 1.083, fondo 0.915, libre desde 0.001: Oaaaa (fija) x4
H1.sur.1: largo 1.083, fondo 0.851, libre desde 0.001: Coracola x6
H1.sur.2: largo 1.083, fondo 0.851, libre desde 0.001: Terminator x4
H1.sur.3: largo 1.083, fondo 0.851, libre desde 0.001: Fernet God x5
H2.sur.0: largo 1.083, fondo 0.915, libre desde 0.001: Coracola (fija) x6
H2.sur.1: largo 1.083, fondo 0.851, libre desde 0.001: Mayonchis x4
H2.sur.2: largo 1.083, fondo 0.851, libre desde 0.001: Oaaaa x4
H2.sur.3: largo 1.083, fondo 0.851, libre desde 0.001: Fernet God (fija) x5
N.sur: el lateral entra 0.000
N.sur.0: largo 1.688, fondo 0.503, libre desde 0.001: Jorgillo (fija) x2, Marranos (fija) x3
N.sur.1: largo 1.688, fondo 0.625, libre desde 0.001: Petisas x3, Arvejas x3
N.sur.2: largo 1.688, fondo 0.625, libre desde 0.001: Flinpuf x5
N.sur.3: largo 1.688, fondo 0.625, libre desde 0.001: Cindolor (fija) x3, Amargadito (fija) x3
S.sur: el lateral entra 0.000
S.sur.0: largo 1.688, fondo 0.502, libre desde 0.001: Arvejas (fija) x3, Flinpuf (fija) x2
S.sur.1: largo 1.688, fondo 0.624, libre desde 0.001: Cosa de Maní x6
S.sur.2: largo 1.688, fondo 0.624, libre desde 0.001: Amargadito x3, Marranos x3
S.sur.3: largo 1.688, fondo 0.624, libre desde 0.001: Flinpuf (fija) x2, Cindolor (fija) x3
A.este.0: largo 3.512, fondo 0.800, libre desde 0.001: Jorgillo (fija) x5, Petisas (fija) x6
A.este.1: largo 3.512, fondo 0.969, libre desde 0.001: Uakas x5, Saladik x5
A.este.2: largo 3.512, fondo 0.969, libre desde 0.001: Pepitos x11
A.este.3: largo 3.512, fondo 0.969, libre desde 0.001: Saladik (fija) x5, Burbaloo (fija) x6
A.norte.0: largo 1.536, fondo 0.355, libre desde 0.009: Chisitos x5
A.norte.1: largo 1.536, fondo 0.366, libre desde 0.009: Laysntt x5
A.norte.2: largo 1.536, fondo 0.355, libre desde 0.009: Chisitos (fija) x5
A.oeste.0: largo 3.512, fondo 0.390, libre desde 0.001: Marolini (fija) x5, Uakas (fija) x5
A.oeste.1: largo 3.512, fondo 0.559, libre desde 0.001: Zucarachas x6, Frotlups x6
A.oeste.2: largo 3.512, fondo 0.559, libre desde 0.001: Prongles x18
A.oeste.3: largo 3.512, fondo 0.559, libre desde 0.001: Oremos (fija) x5, Pepitos (fija) x5
A.sur.0: largo 1.536, fondo 0.464, libre desde 0.009: Macumbas x9
A.sur.1: largo 1.536, fondo 0.213, libre desde 0.009: Malbardo x11
A.sur.2: largo 1.536, fondo 0.273, libre desde 0.009: Durextra (fija) x6
B.este.0: largo 3.512, fondo 0.607, libre desde 0.001: Donsaturados (fija) x5, Petisas (fija) x6
B.este.1: largo 3.512, fondo 0.736, libre desde 0.001: Feel Ricky Fort x7
B.este.2: largo 3.512, fondo 0.736, libre desde 0.001: Marolini x5, Burbaloo x6
B.este.3: largo 3.512, fondo 0.736, libre desde 0.001: Frotlups (fija) x6, Saladik (fija) x5
B.norte.0: largo 1.576, fondo 0.314, libre desde 0.009: Jorgillo x5
B.norte.1: largo 1.576, fondo 0.273, libre desde 0.009: Duronga x6
B.norte.2: largo 1.576, fondo 0.213, libre desde 0.009: Malbardo (fija) x11
B.oeste.0: largo 3.512, fondo 0.705, libre desde 0.001: Cindolor (fija) x7, Marranos (fija) x7
B.oeste.1: largo 3.512, fondo 0.834, libre desde 0.001: Donsaturados x5, Oremos x5
B.oeste.2: largo 3.512, fondo 0.834, libre desde 0.001: Actroncito x11
B.oeste.3: largo 3.512, fondo 0.834, libre desde 0.001: Zucarachas (fija) x6, Saladik (fija) x5
B.sur.0: largo 1.576, fondo 0.406, libre desde 0.009: Cindolor x6
B.sur.1: largo 1.576, fondo 0.273, libre desde 0.009: Durextra x6
B.sur.2: largo 1.576, fondo 0.273, libre desde 0.009: Duronga (fija) x6
H1.sur.0: largo 1.083, fondo 0.915, libre desde 0.001: Oaaaa (fija) x4
H1.sur.1: largo 1.083, fondo 0.851, libre desde 0.001: Coracola x6
H1.sur.2: largo 1.083, fondo 0.851, libre desde 0.001: Terminator x4
H1.sur.3: largo 1.083, fondo 0.851, libre desde 0.001: Fernet God x5
H2.sur.0: largo 1.083, fondo 0.915, libre desde 0.001: Coracola (fija) x6
H2.sur.1: largo 1.083, fondo 0.851, libre desde 0.001: Mayonchis x4
H2.sur.2: largo 1.083, fondo 0.851, libre desde 0.001: Oaaaa x4
H2.sur.3: largo 1.083, fondo 0.851, libre desde 0.001: Fernet God (fija) x5
N.sur: el lateral entra 0.000
N.sur.0: largo 1.688, fondo 0.503, libre desde 0.001: Jorgillo (fija) x2, Marranos (fija) x3
N.sur.1: largo 1.688, fondo 0.625, libre desde 0.001: Petisas x3, Arvejas x3
N.sur.2: largo 1.688, fondo 0.625, libre desde 0.001: Flinpuf x5
N.sur.3: largo 1.688, fondo 0.625, libre desde 0.001: Cindolor (fija) x3, Amargadito (fija) x3
S.sur: el lateral entra 0.000
S.sur.0: largo 1.688, fondo 0.502, libre desde 0.001: Arvejas (fija) x3, Flinpuf (fija) x2
S.sur.1: largo 1.688, fondo 0.624, libre desde 0.001: Cosa de Maní x6
S.sur.2: largo 1.688, fondo 0.624, libre desde 0.001: Amargadito x3, Marranos x3
S.sur.3: largo 1.688, fondo 0.624, libre desde 0.001: Flinpuf (fija) x2, Cindolor (fija) x3
fila de adelante corta: Uakas en A.este.1: 5
fila de adelante corta: Saladik en A.este.1: 5
fila de adelante corta: Chisitos en A.norte.0: 5
fila de adelante corta: Laysntt en A.norte.1: 5
fila de adelante corta: Zucarachas en A.oeste.1: 6
fila de adelante corta: Frotlups en A.oeste.1: 6
fila de adelante corta: Feel Ricky Fort en B.este.1: 7
fila de adelante corta: Marolini en B.este.2: 5
fila de adelante corta: Burbaloo en B.este.2: 6
fila de adelante corta: Jorgillo en B.norte.0: 5
fila de adelante corta: Duronga en B.norte.1: 6
fila de adelante corta: Donsaturados en B.oeste.1: 5
fila de adelante corta: Oremos en B.oeste.1: 5
fila de adelante corta: Cindolor en B.sur.0: 6
fila de adelante corta: Durextra en B.sur.1: 6
fila de adelante corta: Coracola en H1.sur.1: 6
fila de adelante corta: Terminator en H1.sur.2: 4
fila de adelante corta: Fernet God en H1.sur.3: 5
fila de adelante corta: Mayonchis en H2.sur.1: 4
fila de adelante corta: Oaaaa en H2.sur.2: 4
fila de adelante corta: Petisas en N.sur.1: 3
fila de adelante corta: Arvejas en N.sur.1: 3
fila de adelante corta: Flinpuf en N.sur.2: 5
fila de adelante corta: Cosa de Maní en S.sur.1: 6
fila de adelante corta: Amargadito en S.sur.2: 3
fila de adelante corta: Marranos en S.sur.2: 3
estantes: 44, tandas: 62, unidades: 628, choques: 0, filas cortas: 26
Info: Saved "301-modelo-externo.blend"
guardado: C:\Users\fede_\AppData\Local\Temp\nosefia-batch-364-370-20261010\301-modelo-externo.blend
Blender 5.2.1 LTS (hash 9e2066aef7ef built 2026-08-25 02:38:20)

Blender quit
